[  0.0000 Iniiazig cgroup subsys cpuset
[   .00000]Inializing cgroup subsys cpu
[    0.000000] Initializing cgroup subsys cpuacct
[    0.000000] Linux version 4.4.0-104-generic (buildd@lgw01-amd64-022) (gcc version 5.4.0 20160609 (Ubuntu 5.4.0-6ubuntu1~16.04.5) ) #127-Ubuntu SMP Mon Dec 11 12:16:42 UTC 2017 (Ubuntu 4.4.0-104.127-generic 4.4.98)
[    0.000000] Command line: BOOT_IMAGE=/boot/vmlinuz-4.4.0-104-generic root=UUID=ee8827e1-8636-41fb-9829-982477f6eec9 ro console=tty1 console=ttyS0
[    0.000000] KERNEL sppted cpus:
[   0.000000]   Intel GenuineIntel
[    0.000000]   AMD AuthenticAMD
[    0.000000]   Centaur CentrHuls[   0.000] x86pu: xstate_offset[2:  576,xste_ses]:  56
[   0.000000] x86/fpu: Supporting XSAVE fature x0 '87flatngpoit registers'
[    0.000000] x86/fpu: Supporting XSAVE feature 0x02: 'SSE registers'
[    .00000] x86/fpu: Supporting XSAVE feature 0x04: 'AAVX registers'
[    0.000000] x86/fpu: Enabled xstate features 0x7, context size is 832 bytes, using 'standard' format.
[    0.000000] x86/fpu: Using 'lazy' FPU context switches.
[    0.000000] e820: BIOS-provided physical RAM map:
[    0.000000] BIOS-e820: [mem 0x0000000000000000-0x000000000009fbff] usable
[    0.000000] BIOS-e820: [mem 0x000000009fc0-0x000000000009ffff] reserved
[    0.000000] BIOS-e820: [mem 0x00000000000f0000-0x00000000000fffff] reserved
[    0.000000] BIOS-e820: [me 00000000000000-0x000000003ffeff usabl
   0.000000] BIOS-e820: [mem 0x000000003fff0000-0x000000003fffffff] ACPI data
[    0.000000] BIOS-e820: [mem 0x00000000fec00000-0x00000000fec00fffreerved
[    0.000000] BIOS-e820: [mem 0x00000000fee00000-0x00000000fee00fff] reserved
[    0.000000] BIOS-e820:[m 000000000fffc0000-0x00000000ffffffff] reserved
[    0.000000] NX (Execute Disable) protection: active
[    0.000000] SMBIOS 2.5 present.
[    0.000000] Hypervisor dtected: KVM
[    0.000000] e820: as_pfn= 3ff0 m_ach_pn 0x400000
[    0.0000] TRR: Disabled
[    0.00000] 86PAT:MTs disle, kiin PAT initialization too.
[    0.000000] CPU MTRRs all blank - virtualized system.
[    0.000000] x86/PAT: Configuration [0-7]: WB  WT  UC- UC  WB  WT  UC- UC  
[    0.000000] found SMP MP-taleat[mem0x00fff0-0x0009ffff] mapped a[ffff88000009ff]
[    0.000000] Scanning 1 areas for low memory corruption
[    0.000000] RAMDISK: [mem 0x334000-037111fff]
[    0.000000] ACPI: Early table checksum verification disabled    .0000] ACPI: RSDP 0x00000000000E0000 000024 (v02 VBOX  )
[    0.000000] ACPI: XSDT 0x000000003FFF0030 00003C (v01 VBOX   VBOXXSDT 00000001 ASL  00000061)
[    0.000000] ACPI: FACP 0000000FF0F0 0000F4 (v04 VBOX   VBXFP 000001 SL  0006)
[    0.00000 API: DSDT 0x000000003FFF0470 0021FF (v02 VBOX   VBOXBIOS 00000002 INTL 20100528)
[    0.000000] ACP: CS00x000003FFF00 000040
[    0.000000] ACPI: FACS 0x00000003FFF0200 000040
[    0000] ACPI: APIC 0x000000003FFF0240 00005C (v02 VBOX   VBOXAPIC 00000001 AS  00061)
[  0.00000ACPI: SSDT 0x000000003FFF02A0 0001CC (v01 VOX VBOXCPUT 00000002 INTL 20100528)
[    0.000000] No NUMA configuratonound
   000000]aking ano a [mem 0x0000000000000000-0x000000003ffeffff]
[    0.000000] NODE_DATA(0) allocated [mem 0x3ffeb000-0x3ffeffff]
[    0.000000] kvm-clock: Using msrs 4b564d01 and 4b564d00
[    0.000000] kvm-clock: cpu 0, msr 0:3ffe3001, primary cpu clock
[    0.000000] kvm-clock: using sched offset of 3647829827 cycles
[    0.000000] clocksource: kvm-clock: mask: 0xffffffffffffffff max_cycles: 0x1cd42e4dffb, max_idle_ns: 881590591483 ns
[    0.000000]Zoe ranges:
[    0.000000]   DMA      [mem 0x0000000000001000-0x0000000000ffffff]
[    0.000000]   DMA32    [mem 0x00000001000000-0x000000003ffeffff]
[    0.000000]   Normal   empty
[    0.000000]   Device   empty
[    0.000000] Movable zone start for each ode
[    0.000000] Early memory node ranges
[    0.000000]   node   0: [mem 0x0000000000001000-0x000000000009efff]
[    0.000000]   node   0: [mem 0x0000000000100000-0x000000003ffeffff]
[    0.000000] Initmem setup node 0 [mem 0x00000000000000-00x000000003ffeffff]
[    0.000000] ACPI: PM-Tir O Port:0x08
[    0.00000 IAPIC]:pic_ 2 verson2,addrssxfec0000 G 0-23    0.000000] ACPI: INTSROVR (bus 0 bus_irq 0 global_irq 2 dfl dfl)
[    0.000000] ACPI: INT_SRC_OVR (bus 0 bus_irq 9 global_irq 9 low level
  0.000000] Using ACPI (MADT) for SMP configuration information
[    0.000000] smpboot: Allowing 2 CPUs, 0 hotplug CPUs
[    0.000000] PM: Registered nosave memory: [mem 0x00000000-0x00000fff]
[    0.000000] PM: Registered nosave memory: [mem 0x0009f000-0x0009ffff]
[    0.000000] PM: Registered nosave memory: [mem 0x000a0000-0x000effff]
[    0.000000] PM: Registered nosave memory: [mem 0x000f0000-0x000fffff]
[    0.000000] e820: [mem 0x40000000-0xfebfffff] available for PCI devices
[    0.000000] Booting paravirtualized kernel on KVM
[    0.000000] clocksource: refined-jiffies: mask: 0xffffffff max_cycles: 0xffffffff, max_idle_ns: 7645519600211568 ns
[    0.000000] setup_percpu: NR_CPUS:512 nr_cpumask_bits:512 nr_cpu_ids:2 nr_node_ids:1
[    0.000000] PERCPU: Embedded 33 pages/cpu @ffff88003fc00000 s98200 r8192 d28776 u1048576
[    0.000000] PV qspinlock hash table entries: 256 (order: 0, 4096 bytes)
[    0.000000] Built 1 zonelists in Node order, mobility grouping on.  Total pages: 257913
[    0.000000] Policy zone: DMA32
[    0.000000] Kernel command line: BOOT_IMAGE=/boot/vmlinuz-4.4.0-104-generic root=UUID=ee8827e1-8636-41fb-9829-982477f6eec9 ro console=tty1 console=ttyS0
[    0.000000] PID hash table entries: 4096 (order: 3, 32768 bytes)
[    0.000000] Memory: 997348K/1048120K available (8485K kernel code, 1295K rwdata, 3988K rodata, 1492K init, 1316K bss, 572K esrved, 0K cma-reserved)
[    0.000000] SLUB: HWalig=64, Order=0-3, MinObjects=0, CUs, odes=1
[    0.000000] Hierarchical RCU implementation.
[    0.000000]  	Biltime adjustment of leaf fanout to 64.
[  000000] 	RCU restricting CPUs from NR_CPUS=512 to nr_cpu_ids=2.
[    0.000000] RCU: Adjusting geometry for rcu_fanout_leaf=64, nr_cpu_ids=2
[    0.000000] NR_IRQS:33024 nr_irqs:440 16
[    0.000000] Console: colour VGA+ 80x25
[    0.000000] console [tty1] enabled
[    0.000000] console [ttyS0] enabled
[  0000000] tsc: Detected 2594.118 MHz processor
[    4.351303] Calibrating delay loop (skipped) preset value.. 5188.23 BogoMIPS (lpj=10376472)
[    4.366917] pid_max: default: 32768 minimum: 301
[    4.368218] ACPI: Core revision 20150930
[    4.387255] ACPI: 2 ACPI AML tables successfully acquired and loaded
[    4.399241] Security Framework initialized
[    4.415362] Yama: becoming mindful.
[    4.416421] AppArmor: AppArmor initialized
[    4.418037] Dentry cache hash table entries: 131072 (order: 8, 1048576 bytes)
[    4.431712] Inode-cache hash table entries: 65536 (order: 7, 524288 bytes)
[    4.444730] Mount-cache hash table entries: 2048 (order: 2, 16384 bytes)
[    4.478444] Mountpoint-cache hash table entries: 2048 (order: 2, 16384 bytes)
[    4.598434] Initializing cgroup subsys io
[    4.654210] Initializing cgroup subsys memory
[    4.734370] Initializing cgroup subsys devices
[    4.763023] Initializing cgroup subsys freezer
[    4.763968] Initializing cgroup subsys net_cls
[    4.764888] Initializing cgroup subsys perf_event
[    4.765899] Initializing cgroup subsys net_prio
[    4.766846] Initializing cgroup subsys hugetlb
[    4.767782] Initializing cgroup subsys pids
[    4.768830] CPU: Physical Processor ID: 0
[    4.769738] CPU: Processor Core ID: 0
[    4.770884] mce: CPU supports 0 MCE banks
[    4.771773] Last level iTLB entries: 4KB 512, 2MB 8, 4MB 8
[    4.772876] Last level dTLB entries: 4KB 512, 2MB 32, 4MB 32, 1GB 0
[    4.820644] Freeing SMP alternatives memory: 32K
[    4.842927] ftrace: allocating 32158 entries in 126 pages
[    4.902616] smpboot: APIC(0) Converting physical 0 to logical package 0
[    4.929975] smpboot: Max logical packages: 1
[    4.931196] x2apic enabled
[    4.932119] Switched APIC routing to physical x2apic.
[    4.943958] ..TIMER: vector=0x30 apic1=0 pin1=2 apic2=-1 pin2=-1
[    5.049532] smpboot: CPU0: Intel(R) Core(TM) i5-3230M CPU @ 2.60GHz (family: 0x6, model: 0x3a, stepping: 0x9)
[    5.103338] Performance Events: unsupported p6 CPU model 58 no PMU driver, software events only.
[    5.178770] KVM setup paravirtual spinlock
[    5.208413] x86: Booting SMP configuration:
[    5.222204] .... node  #0, CPUs:      #1
[    5.229043] kvm-clock: cpu 1, msr 0:3ffe3041, secondary cpu clock
[    5.230554] mce: CPU supports 0 MCE banks
[    5.233287] x86: Booted up 1 node, 2 CPUs
[    5.242118] smpboot: Total of 2 processors activated (10376.47 BogoMIPS)
[    5.270560] devtmpfs: initialized
[    5.273343] evm: security.selinux
[    5.303335] evm: security.SMACK64
[    5.326086] evm: security.SMACK64EXEC
[    5.327366] evm: security.SMACK64TRANSMUTE
[    5.349283] evm: security.SMACK64MMAP
[    5.365860] evm: security.ima
[    5.369728] evm: security.capability
[    5.384901] clocksource: jiffies: mask: 0xffffffff max_cycles: 0xffffffff, max_idle_ns: 7645041785100000 ns
[    5.441888] futex hash table entries: 512 (order: 3, 32768 bytes)
[    5.443229] pinctrl core: initialized pinctrl subsystem
[    5.464053] RTC time:  3:40:22, date: 01/08/18
[    5.469579] NET: Registered protocol family 16
[    5.505015] cpuidle: using governor ladder
[    5.532405] cpuidle: using governor menu
[    5.541399] PCCT header not found.
[    5.542449] ACPI: bus type PCI registered
[    5.543333] acpiphp: ACPI Hot Plug PCI Controller Driver version: 0.5
[    5.545060] PCI: Using configuration type 1 for base access
[    5.557645] ACPI: Added _OSI(Module Device)
[    5.567947] ACPI: Added _OSI(Processor Device)
[    5.569265] ACPI: Added _OSI(3.0 _SCP Extensions)
[    5.570514] ACPI: Added _OSI(Processor Aggregator Device)
[    5.582067] ACPI: Executed 1 blocks of module-level executable AML code
[    5.593683] ACPI: Interpreter enabled
[    5.595094] ACPI: (supports S0 S5)
[    5.596111] ACPI: Using IOAPIC for interrupt routing
[    5.603218] PCI: Using host bridge windows from ACPI; if necessary, use "pci=nocrs" and report a bug
[    5.616581] ACPI: PCI Root Bridge [PCI0] (domain 0000 [bus 00-ff])
[    5.624087] acpi PNP0A03:00: _OSC: OS supports [ASPM ClockPM Segments MSI]
[    5.625411] acpi PNP0A03:00: _OSC: not requesting OS control; OS requires [ExtendedConfig ASPM ClockPM MSI]
[    5.641503] acpi PNP0A03:00: fail to add MMCONFIG information, can't access extended PCI configuration space under this bridge.
[    5.644173] PCI host bridge to bus 0000:00
[    5.645063] pci_bus 0000:00: root bus resource [io  0x0000-0x0cf7 window]
[    5.646344] pci_bus 0000:00: root bus resource [io  0x0d00-0xffff window]
[    5.647617] pci_bus 0000:00: root bus resource [mem 0x000a0000-0x000bffff window]
[    5.649429] pci_bus 0000:00: root bus resource [mem 0x40000000-0xfdffffff window]
[    5.651222] pci_bus 0000:00: root bus resource [bus 00-ff]
[    5.672782] pci 0000:00:01.1: legacy IDE quirk: reg 0x10: [io  0x01f0-0x01f7]
[    5.685574] pci 0000:00:01.1: legacy IDE quirk: reg 0x14: [io  0x03f6]
[    5.721100] pci 0000:00:01.1: legacy IDE quirk: reg 0x18: [io  0x0170-0x0177]
[    5.722487] pci 0000:00:01.1: legacy IDE quirk: reg 0x1c: [io  0x0376]
[    5.789709] pci 0000:00:07.0: quirk: [io  0x4000-0x403f] claimed by PIIX4 ACPI
[    5.844317] pci 0000:00:07.0: quirk: [io  0x4100-0x410f] claimed by PIIX4 SMB
[    5.890244] ACPI: PCI Interrupt Link [LNKA] (IRQs 5 9 10 *11)
[    5.930008] ACPI: PCI Interrupt Link [LNKB] (IRQs 5 9 *10 11)
[    5.976094] ACPI: PCI Interrupt Link [LNKC] (IRQs 5 *9 10 11)
[    5.985020] ACPI: PCI Interrupt Link [LNKD] (IRQs 5 9 10 *11)
[    5.998369] ACPI: Enabled 2 GPEs in block 00 to 07
[    5.999768] vgaarb: setting as boot device: PCI:0000:00:02.0
[    6.000879] vgaarb: device added: PCI:0000:00:02.0,decodes=io+mem,owns=io+mem,locks=none
[    6.040843] vgaarb: loaded
[    6.064571] vgaarb: bridge control possible 0000:00:02.0
[    6.065880] SCSI subsystem initialized
[    6.066848] ACPI: bus type USB registered
[    6.083714] usbcore: registered new interface driver usbfs
[    6.084881] usbcore: registered new interface driver hub
[    6.115326] usbcore: registered new device driver usb
[    6.145673] PCI: Using ACPI for IRQ routing
[    6.172117] NetLabel: Initializing
[    6.172938] NetLabel:  domain hash size = 128
[    6.173873] NetLabel:  protocols = UNLABELED CIPSOv4
[    6.174924] NetLabel:  unlabeled traffic allowed by default
[    6.176191] amd_nb: Cannot enumerate AMD northbridges
[    6.198582] clocksource: Switched to clocksource kvm-clock
[  6.268346] AppArmor: AppArmor Filesystem Enabled
[    6.346974] pnp: PnP ACPI init
[    6.348633] pnp: PnP ACPI: found 3 devices
[   .358975] clocksource: acpi_pm: mask: 0xffffff max_cyle: ffff, axdle_ns: 2085701024 ns
[    6.624576] NET: Registered protocol family 2

[    6.625863] TCP established hash table entries: 8192 (order: 4, 65536 bytes)
[    6.628828] TCP bind hash table entries: 8192 (order: 5, 131072 bytes)
[    630560] TCP: Hash tables configured (established 8192 bind 8192)
[   .689838] UDP hash table entries: 512 (order: 2, 16384 bytes)
[   7459 U-Le as tlentes 5 (der: 2, 16384 bytes)
[   .2956]ETRegited otolfaly1[    7.72502] pci 0000:00:00.0: Limiting direct PCI/PCI transfers
[   7.842797] pci 0000:00:01.0: Activating ISA DMA hang workarounds
[   7.881294] Unpacking initramfs...

[    8.319911] Freeing initrd memory: 15224K
[    8.351453] RAPL PMU detected, API unit is 2^-32 Joules, 3 fixed counters 10737418240 ms ovfl timer
[    8.442424] hw unit of domain pp0-core 2^-0 Joules
[    8.472662] hw unit of domain package 2^-0 Joules
[    8.473652] hw unit of domain pp1-gpu 2^-0 Joules
[    8.475800] platform rtc_cmos: registered platform RTC device (no PNP device found)
[    8.477453] Scanning for low memory corruption every 60 seconds
[    8.479071] audit: initializing netlink subsys (disabled)
[    8.484271] audit: type=2000 audit(1515382824.933:1): initialized
[    8.485861] Initialise system trusted keyring
[    8.487000] HugeTLB registered 2 MB page size, pre-allocated 0 pages
[    8.494449] zbud: loaded
[    8.506200] VFS: Disk quotas dquot_6.6.0
[    8.558485] VFS: Dquot-cache hash table entries: 512 (order 0, 4096 bytes)
[    8.566247] squashfs: version 4.0 (2009/01/31) Phillip Lougher
[    8.583991] fuse init (API version 7.23)
[   5822 K tye g_eyreiserd
[    8.977542] Allocating IMA MOK and blacklist keyrings.

[    8.983298] Key type asymmetric registered
[    8.996229] Asymmetric key parser 'x509' registered
[    8.997626] Block layer SCSI generic (bsg) driver version 0.4 loaded (major 249)
[    9.000251] io scheduler noop registered
[    9.001335] io scheduler deadline registered (default)
[    9.002671] io scheduler cfq registered
[    9.003880] pci_hotplug: PCI Hot Plug PCI Core version: 0.5
[    9.009947] pciehp: PCI Express Hot Plug Controller Driver version: 0.4
[    9.015931] ACPI: AC Adapter [AC] (on-line)
[    9.018708] input: Power Button as /devices/LNXSYSTM:00/LNXPWRBN:00/input/input0
[    9.034274] ACPI: Power Button [PWRF]
[    9.049332] input: Sleep Button as /devices/LNXSYSTM:00/LNXSLPBN:00/input/input1
[    9.050963] ACPI: Sleep Button [SLPF]
[    9.052000] GHES: HEST is not enabled!
[    9.052725] ACPI: Battery Slot [BAT0] (battery present)
[    9.089695] Serial: 8250/16550 driver, 32 ports, IRQ sharing enabled
[    9.134127] 00:02: ttyS0 at I/O 0x3f8 (irq = 4, base_baud = 115200) is a 16550A
[    9.188575] Linux agpgart interface v0.103
[    9.240284] loop: module loaded
[    9.257293] scsi host0: ata_piix
[    9.258856] scsi host1: ata_piix
[    9.263333] ata1: PATA max UDMA/33 cmd 0x1f0 ctl 0x3f6 bmdma 0xd000 irq 14
[    9.287485] ata2: PATA max UDMA/33 cmd 0x170 ctl 0x376 bmdma 0xd008 irq 15
[    93941lihyFid DI Bs:rod[    9.854623] tsc: Refined TSC clocksource calibration: 2593.660 MHz
[    9.903242] tun: Universal TUN/TAP device driver, 1.6
[    9.903242] tun: (C) 1999-2004 Max Krasnyansky <maxk@qualcomm.com>
[    9.903311] PPP generic driver version 2.4.2
[    9.903370] ehci_hcd: USB 2.0 'Enhanced' Host Controller (EHCI) Driver
[    9.903376] ehci-pci: EHCI PCI platform driver
[    9.903385] ehci-platform: EHCI generic platform driver
[    9.903394] ohci_hcd: USB 1.1 'Open' Host Controller (OHCI) Driver
[    9.903397] ohci-pci: OHCI PCI platform driver
[    9.903405] ohci-platform: OHCI generic platform driver
[    9.903411] uhci_hcd: USB Universal Host Controller Interface driver
[    9.903464] i8042: PNP: PS/2 Controller [PNP0303:PS2K,PNP0f03:PS2M] at 0x60,0x64 irq 1,12
[    9.931153] serio: i8042 KBD port at 0x60,0x64 irq 1
[    9.931160] serio: i8042 AUX port at 0x60,0x64 irq 12
[    9.931298] mousedev: PS/2 mouse device common for all mice
[    9.931632] rtc_cmos rtc_cmos: rtc core: registered rtc_cmos as rtc0
[    9.931689] rtc_cmos rtc_cmos: alarms up to one day, 114 bytes nvram
[    9.931695] i2c /dev entries driver
[    9.931745] device-mapper: uevent: version 1.0.3
[    9.931799] device-mapper: ioctl: 4.34.0-ioctl (2015-10-28) initialised: dm-devel@redhat.com
[    9.931814] ledtrig-cpu: registered to indicate activity on CPUs
[    9.932078] NET: Registered protocol family 10
[    9.932209] NET: Registered protocol family 17
[    9.932218] Key type dns_resolver registered
[    9.932397] microcode: CPU0 sig=0x306a9, pf=0x2, revision=0x19
[    9.932408] microcode: CPU1 sig=0x306a9, pf=0x2, revision=0x19
[    9.932470] microcode: Microcode Update Driver: v2.01 <tigran@aivazian.fsnet.co.uk>, Peter Oruba
[    9.932580] registered taskstats version 1
[    9.932598] Loading compiled-in X.509 certificates
[    9.933358] Loaded X.509 cert 'Build time autogenerated kernel key: 8537ad706776f532219d7336343c968b9f82f7c7'
[    9.933377] zswap: loaded using pool lzo/zbud
[    9.934822] Key type trusted registered
[    9.937204] Key type encrypted registered
[    9.937210] AppArmor: AppArmor sha1 policy hashing enabled
[    9.937213] ima: No TPM chip found, activating TPM-bypass!
[    9.937229] evm: HMAC attrs: 0x1
[    9.937526]   Magic number: 2:18:664
[    9.968190] rtc_cmos rtc_cmos: setting system clock to 2018-01-08 03:40:26 UTC (1515382826)
[    9.968354] BIOS EDD facility v0.16 2004-Jun-25, 0 devices found
[    9.968355] EDD information not available.
[   10.027979] input: AT Translated Set 2 keyboard as /devices/platform/i8042/serio0/input/input2
[   10.162983] clocksource: tsc: mask: 0xffffffffffffffff max_cycles: 0x2562d6d105a, max_idle_ns: 440795255929 ns
[   10.168239] Freeing unused kernel memory: 1492K
[   10.196138] Write protecting the kernel read-only data: 14336k
[   10.197770] Freeing unused kernel memory: 1744K
[   10.200415] Freeing unused kernel memory: 108K
Loading, please [   10.213021] random: systemd-udevd: uninitialized urandom read (16 bytes read, 2 bits of entropy available)
wait...
starting version 229
[   10.213522] random: udevadm: uninitialized urandom read (16 bytes read, 2 bits of entropy available)
[   10.213539] random: udevadm: uninitialized urandom read (16 bytes read, 2 bits of entropy available)
[   10.220717] random: udevadm: uninitialized urandom read (16 bytes read, 2 bits of entropy available)
[   10.220824] random: udevadm: uninitialized urandom read (16 bytes read, 2 bits of entropy available)
[   10.220993] random: udevadm: uninitialized urandom read (16 bytes read, 2 bits of entropy available)
[   10.221055] random: udevadm: uninitialized urandom read (16 bytes read, 2 bits of entropy available)
[   10.221114] random: udevadm: uninitialized urandom read (16 bytes read, 2 bits of entropy available)
[   10.221182] random: udevadm: uninitialized urandom read (16 bytes read, 2 bits of entropy available)
[   10.221241] random: udevadm: uninitialized urandom read (16 bytes read, 2 bits of entropy available)
[   10.339426] e1000: Intel(R) PRO/1000 Network Driver - version 7.3.21-k8-NAPI
[   10.357275] e1000: Copyright (c) 1999-2006 Intel Corporation.
[   10.367577] Fusion MPT base driver 3.04.20
[   10.385002] Copyright (c) 1999-2008 LSI Corporation
[   10.396379] Fusion MPT SPI Host driver 3.04.20
[   10.424780] AVX version of gcm_enc/dec engaged.
[   10.426287] AES CTR mode by8 optimization enabled
[   10.569081] input: ImExPS/2 Generic Explorer Mouse as /devices/platform/i8042/serio1/input/input4
[   10.779668] e1000 0000:00:03.0 eth0: (PCI:33MHz:32-bit) 02:53:17:3c:de:80
[   10.826240] e1000 0000:00:03.0 eth0: Intel(R) PRO/1000 Network Connection
[   11.264388] e1000 0000:00:08.0 eth1: (PCI:33MHz:32-bit) 08:00:27:c6:95:ff
[   11.266783] e1000 0000:00:08.0 eth1: Intel(R) PRO/1000 Network Connection
[   11.271354] e1000 0000:00:08.0 enp0s8: renamed from eth1
[   11.274466] mptbase: ioc0: Initiating bringup
[   11.283088] e1000 0000:00:03.0 enp0s3: renamed from eth0
[   11.357017] ioc0: LSI53C1030 A0: Capabilities={Initiator}
[   12.612961] scsi host2: ioc0: LSI53C1030 A0, FwRev=00000000h, Ports=1, MaxQ=256, IRQ=20
[   13.394358] floppy0: no floppy controllers found
[   13.900818] scsi 2:0:0:0: Direct-Access     VBOX     HARDDISK         1.0  PQ: 0 ANSI: 5
[   13.955417] scsi target2:0:0: Beginning Domain Validation
[   13.968987] scsi target2:0:0: Domain Validation skipping write tests
[   13.981565] scsi target2:0:0: Ending Domain Validation
[   13.988745] scsi target2:0:0: asynchronous
[   13.997135] scsi 2:0:1:0: Direct-Access     VBOX     HARDDISK         1.0  PQ: 0 ANSI: 5
[   14.000138] scsi target2:0:1: Beginning Domain Validation
[   14.021372] scsi target2:0:1: Domain Validation skipping write tests
[   14.024562] scsi target2:0:1: Ending Domain Validation
[   14.025699] scsi target2:0:1: asynchronous
[   14.034660] sd 2:0:0:0: [sda] 20971520 512-byte logical blocks: (10.7 GB/10.0 GiB)
[   14.063026] sd 2:0:0:0: Attached scsi generic sg0 type 0
[   14.097074] sd 2:0:0:0: [sda] Write Protect is off
[   14.097290] sd 2:0:1:0: [sdb] 20480 512-byte logical blocks: (10.5 MB/10.0 MiB)
[   14.097442] sd 2:0:1:0: [sdb] Write Protect is off
[   14.097775] sd 2:0:1:0: [sdb] Incomplete mode parameter data
[   14.097776] sd 2:0:1:0: [sdb] Assuming drive cache: write through
[   14.107209] sd 2:0:1:0: Attached scsi generic sg1 type 0
[   14.139831] sd 2:0:1:0: [sdb] Attached SCSI disk
[   14.151779] sd 2:0:0:0: [sda] Incomplete mode parameter data
[   14.153106] sd 2:0:0:0: [sda] Assuming drive cache: write through
[   14.169739]  sda: sda1
[   14.174110] sd 2:0:0:0: [sda] Attached SCSI disk
Begin: Loading e[   15.557090] md: linear personality registered for level -1
ssential drivers[   15.612709] md: multipath personality registered for level -4
 ... [   15.665976] md: raid0 personality registered for level 0
[   15.675976] md: raid1 personality registered for level 1
[   15.762784] raid6: sse2x1   gen()  6041 MB/s
[   15.831133] raid6: sse2x1   xor()  5992 MB/s
[   15.911306] raid6: sse2x2   gen()  9937 MB/s
[   16.007124] raid6: sse2x2   xor()  7127 MB/s
[   16.135187] raid6: sse2x4   gen() 11771 MB/s
[   16.227106] raid6: sse2x4   xor()  8352 MB/s
[   16.297906] raid6: using algorithm sse2x4 gen() 11771 MB/s
[   16.391800] raid6: .... xor() 8352 MB/s, rmw enabled
[   16.424062] raid6: using ssse3x2 recovery algorithm
[   16.453054] xor: automatically using best checksumming function:
[   16.526717]    avx       : 18204.000 MB/sec
[   16.563056] async_tx: api initialized (async)
[   16.605675] md: raid6 personality registered for level 6
[   16.628102] md: raid5 personality registered for level 5
[   16.641705] md: raid4 personality registered for level 4
[   16.648080] md: raid10 personality registered for level 10
done.
Begin: Running /scripts/init-premount ... done.
Begin: Mounting root file system ... Begin: Ru[   16.703866] Btrfs loaded
nning /scripts/local-top ... done.
Begin: Running /scripts/local-premount ... Scanning for Btrfs filesystems
done.
Warning: fsck not present, so skipping root file system
[   16.775616] EXT4-fs (sda1): mounted filesystem with ordered data mode. Opts: (null)
done.
Begin: Running /scripts/local-bottom ... done.
Begin: Running /scripts/init-bottom ... done.
[   17.904860] systemd[1]: systemd 229 running in system mode. (+PAM +AUDIT +SELINUX +IMA +APPARMOR +SMACK +SYSVINIT +UTMP +LIBCRYPTSETUP +GCRYPT +GNUTLS +ACL +XZ -LZ4 +SECCOMP +BLKID +ELFUTILS +KMOD -IDN)
[   17.936208] systemd[1]: Detected virtualization oracle.
[   17.940651] systemd[1]: Detected architecture x86-64.
[   17.988743] random: nonblocking pool is initialized

Welcome to [1mUbuntu 16.04.3 LTS[0m!

[   18.020463] systemd[1]: Set hostname to <ubuntu-xenial>.
[   19.042294] systemd[1]: Created slice System Slice.
[[0;32m  OK  [0m] Created slice System Slice.
[   19.063427] systemd[1]: Created slice system-serial\x2dgetty.slice.
[[0;32m  OK  [0m] Created slice system-serial\x2dgetty.slice.
[   19.093633] systemd[1]: Started Forward Password Requests to Wall Directory Watch.
[[0;32m  OK  [0m] Started Forward Password Requests to Wall Directory Watch.
[   19.138833] systemd[1]: Reached target User and Group Name Lookups.
[[0;32m  OK  [0m] Reached target User and Group Name Lookups.
[   19.159189] systemd[1]: Listening on Journal Socket.
[[0;32m  OK  [0m] Listening on Journal Socket.
[   19.198836] systemd[1]: Starting Remount Root and Kernel File Systems...
         Starting Remount Root and Kernel File Systems...
[   19.239019] systemd[1]: Mounting Huge Pages File System...
         Mounting Huge Pages File System...
[   19.307427] systemd[1]: Starting Nameserver information manager...
         Starting Nameserver information manager[   19.350750] EXT4-fs (sda1): re-mounted. Opts: (null)
...
[   19.430878] systemd[1]: Mounting Debug File System...
         Mounting Debug File System...
[   19.468666] systemd[1]: Starting Load Kernel Modules...
         Starting Load Kernel Mo[   19.530458] Loading iSCSI transport class v2.0-870.
dules...
[   19.911020] systemd[1]: Started Trigger resolvconf update for networkd DNS.
[[0;32m  OK  [0m] Started Trigger resolvconf update for networkd DNS.
[   19.954770] iscsi: registered transport (tcp)
[   20.023197] systemd[1]: Starting Uncomplicated firewall...
         Starting Uncomplicated firewall...
[   20.051363] systemd[1]: Listening on udev Control Socket.
[[0;32m  OK  [0m] Listening on udev Control Socket[   20.128727] iscsi: registered transport (iser)
.
[   20.169439] systemd[1]: Created slice User and Session Slice.
[[0;32m  OK  [0m] Created slice User and Session Slice.
[   0.187216] systemd[1]: Reached target Slices.
[[0;32m  OK  [0m] Reached target Slices.
[   20.251675] systemd[1]: Mounting POSIX Message Queue File System...
         Mounting POSIX Message Queue File System...
[   20.283199] systemd[1]: Listening on udev Kernel Socket.
[[0;32m  OK  [0m] Listening on udev Kernel Socket.
[   20.286613] systemd[1]: Set up automount Arbitrary Executable File Formats File System Automount Point.
[[0;32m  OK  [0m] Set up automount Arbitrary Executab...ats File System Automount Point.
[   20.307915] systemd[1]: Reachd target Swap.
[[0;32m  OK  [0m] Reached target Swap.
[   20.363274] systemd[1]: Starting Create list of required static device nodes for the current kernel...
         Starting Create list of required st... nodes for the current kernel...
[   20.440650] systemd[1]: Listening on Journal Audit Socket.
[[0;32m  OK  [0m] Listening on Journal Audit Socket.
[   20.446078] systemd[1]: Listening on /dev/initctl Comatility mePi.
[[0;32m  OK  [0m] Listening on /dev/initctl Compatibility Named Pipe.
[  20.857909] sysemd[]:Lienngn ysloSoet
[[0;32m  OK  [0m] Listening on Syslog Socket.
[   21.351392] systemd[1]: Starting Set console keymap...
         Starting Set console keymap...
[  21.390416] systemd[1]: Reached target Encrypted Volumes.
[[0;32m  OK  [0m] Reached target Encrypted Volumes.
[   21.570972] systemd[1]: Listening on LVM2 poll daemon socket.
[[0;32m  OK  [0m] Listening on LVM2 poll daemon socket.
[   21.575334] systemd[1]: Listening n vi-mppr en daemon FIFOs.

[[0;32m  OK  [0m] Listening on Device-mapper event daemon FIFOs.
[   21.856462] systemd[1]: Listening on LVM2 metadata daemon socket.
[[0;32m  OK  [0m] Listening on LVM2 metadata daemon socket.
[   21.935497] systemd[1]: Starting Monitoring of LVM2 mirrors, snapshots etc. using dmeventd or progress polling...
         Starting Monitoring of LVM2 mirrors... dmeventd or progress polling...
[   21.991404] systemd[1]: Listening on Journal Socket (/dev/log).
[[0;32m  OK  [0m] Listening on Journal Socket (/dev/log).
[   22.047024] systemd[1]: Starting Journal Service...
         Starting Journal Service...
[   22.131839] systemd[1]: Mounted Huge Pages File System.
[[0;32m  OK  [0m] Mounted Huge Pages File System.
[   22.239775] systemd[1]: Mounted Debug File System.
[[0;32m  OK  [0m] Mounted Debug File System.
[   22.282869] systemd[1]: Mounted POSIX Message Queue File System.
[[0;32m  OK  [0m] Mounted POSIX Message Queue File System.
[   22.341937] systemd[1]: Started Journal Service.
[[0;32m  OK  [0m] Started Journal Service.
[[0;32m  OK  [0m] Started Remount Root and Kernel File Systems.
[[0;32m  OK  [0m] Started Load Kernel Modules.
[[0;32m  OK  [0m] Started Uncomplicated firewall.
[[0;32m  OK  [0m] Started Create list of required sta...ce nodes for the current kernel.
[[0;32m  OK  [0m] Started Set console keymap.
[[0;32m  OK  [0m] Started Nameserver information manager.
[[0;32m  OK  [0m] Started LVM2 metadata daemon.
         Starting Create Static Device Nodes in /dev...
         Mounting FUSE Control File System...
         Starting Apply Kernel Variables...
         Starting Initial cloud-init job (pre-networking)...
         Starting udev Coldplug all Devices...
         Starting Load/Save Random Seed...
         Starting Flush Journal to Persistent Storage...
[[0;32m  OK  [0m] Mounted FUSE Control File System.
[[0;32m  OK  [0m] Started Load/Save Random Seed.
[[0;32m  OK  [0m] Started Apply Kernel Variables.
[[0;32m  OK  [0m] Started udev Coldplug all Devices.
[[0;32m  OK  [0m] Started Flush Journal to Persistent Storage.
[[0;32m  OK  [0m] Started Monitoring of LVM2 mirrors,...ng dmeventd or progress polling.
[[0;32m  OK  [0m] Started Create Static Device Nodes in /dev.
         Starting udev Kernel Device Manager...
[[0;32m  OK  [0m] Started udev Kernel Device Manager.
[[0;32m  OK  [0m] Reached target Local File Systems (Pre).
[[0;32m  OK  [0m] Reached target Local File Systems.
         Starting Create Volatile Files and Directories...
         Starting Tell Plymouth To Write Out Runtime Data...
         Starting Set console font and keymap...
         Starting LSB: AppArmor initialization...
[[0;32m  OK  [0m] Started Dispatch Password Requests to Console Directory Watch.
[[0;32m  OK  [0m] Found device /dev/ttyS0.
[[0;32m  OK  [0m] Started Tell Plymouth To Write Out Runtime Data.
[[0;32m  OK  [0m] Started Create Volatile Files and Directories.
         Starting Update UTMP about System Boot/Shutdown...
[[0;32m  OK  [0m] Reached target System Time Synchronized.
[[0;32m  OK  [0m] Started Update UTMP about System Boot/Shutdown.
[[0;32m  OK  [0m] Found device 82540EM Gigabit Ethern...r (PRO/1000 MT Desktop Adapter).
[[0;32m  OK  [0m] Found device 82540EM Gigabit Ethern...r (PRO/1000 MT Desktop Adapter).
[[0;32m  OK  [0m] Started Set console font and keymap.
[[0;32m  OK  [0m] Created slice system-getty.slice.
[[0;32m  OK  [0m] Listening on Load/Save RF Kill Switch Status /dev/rfkill Watch.
[[0;32m  OK  [0m] Started LSB: AppArmor initialization.
[   24.344778] cloud-init[455]: Cloud-init v. 0.7.9 running 'init-local' at Mon, 08 Jan 2018 03:40:46 +0000. Up 23.70 seconds.
[[0;32m  OK  [0m] Started Initial cloud-init job (pre-networking).
[[0;32m  OK  [0m] Reached target Network (Pre).
[[0;32m  OK  [0m] Started ifup for enp0s8.
[[0;32m  OK  [0m] Started ifup for enp0s3.
         Starting Raise network interfaces...
[[0;32m  OK  [0m] Started Raise network interfaces.
[[0;32m  OK  [0m] Reached target Network.
         Starting Initial cloud-init job (metadata service crawler)...
[   25.882858] cloud-init[1068]: Cloud-init v. 0.7.9 running 'init' at Mon, 08 Jan 2018 03:40:47 +0000. Up 25.12 seconds.
[   25.912481] cloud-init[1068]: ci-info: ++++++++++++++++++++++++++++++++++++++Net device info++++++++++++++++++++++++++++++++++++++
[   26.077400] [cloud-init[0;32m  OK  [0m[1068]: ] ci-info: +--------+------+-----------------------------+---------------+-------+-------------------+Started Initial cloud-init job (metadata service crawler).

[   26.078051] cloud-init[1068]: ci-info: | Device |  Up  |           Address           |      Mask     | Scope |     Hw-Address    |
[   26.341151] cloud-init[1068]: ci-info: +--------+------+-----------------------------+---------------+-------+-------------------+
[[0;32m  OK  [0m] Reached target System Initialization.
[[0;32m  OK  [0m] Started Daily Cleanup of Temporary Directories.
[[0;32m  OK  [0m] Listening on D-Bus System Message Bus Socket.
[   26.341709] cloud-init[1068]: ci-info: | enp0s8 | True |       192.168.195.161       | 255.255.255.0 |   .   | 08:00:27:c6:95:ff |
[   26.570793]          cloud-initStarting Socket activation for snappy daemon.[1068]: 
ci-info: | enp0s8 | True | fe80::a00:27ff:fec6:95ff/64 |       .       |  link | 08:00:27:c6:95:ff |
[   26.680495] [cloud-init[0;32m  OK  [0m[1068]: ] ci-info: | enp0s3 | True |          10.0.2.15          | 255.255.255.0 |   .   | 02:53:17:3c:de:80 |Listening on UUID daemon activation socket.

[   26.770232] [cloud-init[0;322  OK  [0m[1068]: ] ci-info: | enp0s3 | True |  fe80::53:17ff:fe3c:de80/64 |       .       |  link | 02:53:17:3c:de:80 |Listening on ACPID Listen Socket.

[   26.825656] [cloud-init[0;32m  OK  [0m[1068]: ] ci-info: |   lo   | True |          127.0.0.1          |   255.0.0.0   |   .   |         .         |Started ACPI Events Check.

[   26.826187] [cloud-init[0;32m  OK  [0m[1068]: ] ci-info: |   lo   | True |           ::1/128           |       .       |  host |         .         |Reached target Paths.

[   26.901419] cloud-init[1068]: ci-info: +--------+------+-----------------------------+---------------+-------+-------------------+
[   27.114343] [[0;32m  OK  [0m] Started Timer to automatically refresh installed snaps.
cloud-init[1068]: ci-info: ++++++++++++++++++++++++++++Route IPv4 info+++++++++++++++++++++++++++++
[   27.187684]          Starting LXD - unix socket.
cloud-init[1068]: ci-info: +-------+---------------+----------+---------------+-----------+-------+
[   27.250059] [cloud-init[0;32m  OK  [0m[1068]: ] ci-info: | Route |  Destination  | Gateway  |    Genmask    | Interface | Flags |Reached target Network is Online.

[   27.250592] [cloud-init[0;32m  OK  [0m[1068]: ] ci-info: +-------+---------------+----------+---------------+-----------+-------+Started Daily apt download activities.

[   27.338158] [cloud-init[0;32m  OK  [0m[1068]: ] ci-info: |   0   |    0.0.0.0    | 10.0.2.2 |    0.0.0.0    |   enp0s3  |   UG  |Started Daily apt upgrade and clean activities.

[   27.338706] [cloud-init[0;32m  OK  [0m[1068]: ] ci-info: |   1   |    10.0.2.0   | 0.0.0.0  | 255.255.255.0 |   enp0s3  |   U   |Reached target Timers.

[   27.585501] cloud-init[1068]: ci-info: |   2   | 192.168.195.0 | 0.0.0.0  | 255.255.255.0 |   enp0s8  |   U   |
[   27.792400]          cloud-initStarting iSCSI initiator daemon (iscsid)...[1068]: 
ci-info: +-------+---------------+----------+---------------+-----------+-------+
[[0;32m  OK  [0m] Reached target Cloud-config availability.
[[0;32m  OK  [0m] Listening on Socket activation for snappy daemon.
[[0;32m  OK  [0m] Listening on LXD - unix socket.
[[0;32m  OK  [0m] Reached target Sockets.
[[0;32m  OK  [0mm Reached target Basic System.
         Starting LSB: MD monitoring daemon...
         Starting A high performance web server and a reverse proxy server...
[[0;32m  OK  [0m] Started Deferred execution scheduler.
[[0;32m  OK  [0m] Started Regular background program processing daemon.
         Starting LXD - container startup/shutdown...
         Starting Apply the settings specified in cloud-config...
         Starting LSB: Record successful boot for GRUB...
         Starting The PHP 7.0 FastCGI Process Manager...
         Starting System Logging Service...
         Starting Login Service...
[[0;32m  OK  [0m] Started ACPI event daemon.
         Starting MySQL Community Server...
[[0;32m  OK  [0m] Started FUSE filesystem for LXC.
         Starting Accounts Service...
[[0;32m  OK  [0m] Started D-Bus System Message Bus.
[   29.890687] cloud-init[1138]: Cloud-init v. 0.7.9 running 'modules:config' at Mon, 08 Jan 2018 03:40:51 +0000. Up 28.84 seconds.
         Starting /etc/rc.local Compatibility...
[[0;32m  OK  [0m] Started Unattended Upgrades Shutdown.
         Starting OpenBSD Secure Shell server...
         Starting Snappy daemon...
[[0;32m  OK  [0m] Started System Logging Service.
[[0;32m  OK  [0m] Started iSCSI initiator daemon (iscsid).
[[0;32m  OK  [0m] Started Apply the settings specified in cloud-config.
[[0;32m  OK  [0m] Started /etc/rc.local Compatibility.
[[0;32m  OK  [0m] Started Login Service.
         Starting Login to default iSCSI targets...
[[0;32m  OK  [0m] Started Login to default iSCSI targets.
[[0;32m  OK  [0m] Reached target Remote File Systems (Pre).
[[0;32m  OK  [0m] Reached target Remote File Systems.
         Starting Permit User Sessions...
         Starting LSB: automatic crash report generation...
         Starting LSB: VirtualBox Linux Additions...
         Starting LSB: daemon to balance interrupts for SMP systems...
         Starting LSB: Set the CPU Frequency Scaling governor to "ondemand"...
[[0;32m  OK  [0m] Started LSB: MD monitoring daemon.
[[0;32m  OK  [0m] Started LSB: Record successful boot for GRUB.
[[0;32m  OK  [0m] Started LSB: Set the CPU Frequency Scaling governor to "ondemand".
[[0;32m  OK  [0m] Started Permit User Sessions.
         Starting Hold until boot process finishes up...
         Starting Terminate Plymouth Boot Screen...
[[0;32m  OK  [0m] Started Hold until boot process finishes up.
[[0;32m  OK  [0m] Started Terminate Plymouth Boot Screen.
[[0;32m  OK  [0m] Started Getty on tty1.
[[0;32m  OK  [0m] Started Serial Getty on ttyS0.
[[0;32m  OK  [0m] Reached target Login Prompts.
         Starting Set console scheme...
[[0;32m  OK  [0m] Started Set console scheme.
[[0;32m  OK  [0m] Started LSB: daemon to balance interrupts for SMP systems.
         Starting Authenticate and Authorize Users to Run Privileged Tasks...
[[0;32m  OK  [0m] Started LSB: automatic crash report generation.
[[0;32m  OK  [0m] Started OpenBSD Secure Shell server.
[[0;32m  OK  [0m] Started LSB: VirtualBox Linux Additions.
[[0;32m  OK  [0m] Started Authenticate and Authorize Users to Run Privileged Tasks.
[[0;32m  OK  [0m] Started Accounts Service.
[[0;32m  OK  [0m] Started A high performance web server and a reverse proxy server.
[[0;32m  OK  [0m] Started LXD - container startup/shutdown.
[[0;32m  OK  [0m] Started Snappy daemon.

Ubuntu 16.04.3 LTS ubuntu-xenial ttyS0

ubuntu-xenial login: [   39.503394] cloud-init[1453]: Cloud-init v. 0.7.9 running 'modules:final' at Mon, 08 Jan 2018 03:41:01 +0000. Up 39.30 seconds.
[   39.504204] cloud-init[1453]: Cloud-init v. 0.7.9 finished at Mon, 08 Jan 2018 03:41:01 +0000. Datasource DataSourceNoCloud [seed=/dev/sdb][dsmode=net].  Up 39.49 seconds
