[    .000000] Initializing cgroup subsys cpuset
[    0.000000] Initializing cgroup subsys cpu
[    0.000000] Initializing cgroup subsys cpuacct
[    0.000000] Linux version 4.4.0-104-generic (buildd@lgw01-amd64-027) (gcc version .4.0 20160609 (Ubuntu 5.4.0-6ubuntu1~16.04.5) ) #127-Ubuntu SMP Mon Dec 11 12:16:50 UTC 2017 (Ubuntu 4.4.0-104.127-generic 4.4.98)
[    0.000000] KERNEL supported cpus:
[    0.000000]   Intel GenuineIntel
[    0.000000]   AMD AuthenticAMD
[    0.000000]   NSC Geode by NSC
[    0.000000]   Cyrix CyrixInstead
[    0.000000]   Centaur CentaurHauls
[    0.000000]   Transmeta GenuineTMx86
[    0.000000]   Transmeta TransetaCU
[    0.000000]   UMC UMC UMC UMC
[    0.000000] x6/fpu Legacy x87 FPU detected.
[    0.000000] x86/fpu: Using 'lazy' FPU context switches.
[    0.000000] e820: BIOS-provided physical RAM map:
[    0.000000] BIOS-e820: [mem 0x0000000000000000-0x000000000009fbff] usable
[    0.000000] BIOS-e820: [mem 0x000000000009fc00-0x000000000009ffff] reserved
[    0.000000] BIOS-e820: [mem 0x00000000000f0000-0x00000000000fffff] reserved
[    0.000000] BIOS-e820: [mem 0x0000000000100000-0x000000003ffeffff] usable
[    0.000000] BIOS-e820: [mem 0x000000003fff0000-0x000000003fffffff] ACPI data
[    0.000000] BIOS-e820: [mem 0x00000000fffc0000-0x00000000ffffffff] reserved
[    0.000000] NX (Execute Disable) protection: active
[    0.000000] SMBIS 2.5 present.
[    0.000000] Hypervisor detected: KVM
[    0.000000] e820: last_pfn = 0x3fff0 max_arch_pfn = 0x1000000
[    0.000000] MTRR: Disabled
[    0.000000] x86/PAT: MTRRs disabled, skipping PAT initialization too.
[    0.000000] CPU MTRRs all bank -virtualized system.
[    0.000000] x86/PAT: Configuration [0-7]: WB  WT  UC- UC  WB  WT  UC- UC  
[    0.000000] found SMP MP-table at [mem 0x0009fff0-0x0009ffff] mapped at [c009fff0]
[    0.000000] Scanning 1 areas for low memory corruption
[    0.000000] RAMDISK: [em 0x36af2000-0x37570fff]
[    0.000000] ACPI: Early table checksum verification disabled
[    0.000000] ACPI: RSDP 0x00000000000E0000 000024 (v02 VBOX  )
[    0.000000] ACPI: XSDT 0x000000003FFF0030 00003C (v0 VBOX   VBOXXSDT 00000001 ASL  00000061)
[    0.000000] ACPI: FACP 0x000000003FFF00F0 0000F4 (v04 VBOX   VBOXFACP 00000001 ASL  00000061)
[    0.000000] ACPI: DSDT 0x000000003FFF0470 001CEB (v01 VBOX   VBOXBIOS 00000002 INTL 20100528)
[    0.000000] ACPI: FAS 0x000000003FFF0200 000040
[    0.000000] ACPI: FACS 0x000000003FFF0200 000040
[    0.000000] ACPI: APIC 0x000000003FFF0240 00005C (v02 VBOX   VBOXAPIC 00000001 ASL  00000061)
[    0.000000] ACPI: SSDT 0x000000003FFF02A0 0001CC (v01 VBOX   VBOXCPUT 00000002 INTL 20100528)
[    0.000000] 131MB HIGHMEM available.
[    0.000000] 891MB LOWMEM available.
[    0.000000]   mapped low ram: 0 - 37bfe000
[    0.000000]   low ram: 0 - 37bfe000
[    0.000000] kvm-clock: Using msrs 4b564d01 an 4b564d00
[    0.000000] kvm-clock: cpu0, msr 037bfd001, primary cpu clock
[    0.000000] kvm-clock: using sched offset of 3877727967 cycles
[    0.000000] clocksource: kvm-clock: mask: 0xffffffffffffffff max_cycles: 0x1cd42e4dffb, max_idle_ns: 881590591483 ns
[    0.000000] Zone ranges:
[    0.000000]   DMA      [mem 0x0000000000001000-0x0000000000ffffff]
[    0.000000]   Normal   [mem 0x0000000001000000-0x0000000037bfdfff]
[    0.000000]   HighMem  [mem 0x0000000037bfe000-0x000000003ffeffff]
[    0.000000] Movable zone start for each node
[    0.000000] Early memory node ranges
[    0.000000]   node   0: [mem 0x0000000000001000-0x000000000009efff]
[    0.000000]   node   0: [mem 0x0000000000100000-0x000000003ffeffff]
[    0.000000] Initmem setup node 0 [mem 0x0000000000001000-0x000000003ffeffff]
[    0.000000] Using APIC driver default
[    0.000000] ACPI: PM-Timer IO Port: 0x4008
[    0.000000] IOAPIC[0]: apic_id 2, version 17, address 0xfec00000, GSI 0-23
[    0.000000] ACPI: INT_SRC_OVR (bus 0 bus_irq 0 global_irq 2 dfl dfl)
[    0.000000] ACPI: INT_SRC_OVR (bus 0 bus_irq 9 global_irq 9 high level)
[    0.000000] Using ACPI (MADT) for SMP configuration information
[    0.000000] smpboot: Allowing 2 CPUs, 0 hotplug CPUs
[    0.000000] PM: Registered nosave memory: [mem 0x00000000-0x00000fff]
[    0.000000] PM: Registered nosave memory: [mem 0x0009f000-0x0009ffff]
[    0.000000] PM: Registered nosave memory: [mem 0x000a0000-0x000effff]
[    0.000000] PM: Registered nosave memory: [mem 0x000f0000-0x000fffff]
[    0.000000] e820: [mem 0x40000000-0xfffbffff] available for PCI devices
[    0.000000] Booting paravirtualized kernel on KVM
[    0.000000] clocksource: refined-jiffies: mask: 0xffffffff max_cycles: 0xffffffff, max_idle_ns: 7645519600211568 ns
[    0.000000] setup_percpu: NR_CPUS:8 nr_cpumas_bits:8 nr_cpu_ids:2 nr_node_ids:1
[    0.000000] PERCP: Embedded 19 pages/cpu @f760000 s47308 r0 d30516 u77824
[    0.000000] PV qspinlock hsh table entries: 512 (order: 0, 4096 bytes)
[    0.000000] Built 1 zonelists in Zone order, mobility grouping on.  Total pages: 259800
[    0.000000] Kernel command line: BOOT_IMAGE=/boot/vmlinuz-4.4.0-104-generic root=LABEL=cloudimg-rootfs ro console=tty1 console=ttyS0
[    0.000000] PID hash table entries: 4096 (order: 2, 16384 bytes)
[    0.000000] Dentry cache hash table entries: 131072 (order: 7, 524288 byte)
[    0.000000] Inode-cache hash table entries: 65536 (order: 6, 262144 bytes)
[    0.000000] Initializing CPU#0
[    0.000000] Initializing HighMem for node 0 (00037bfe:0003fff0)
[    0.000000] Initializing Movable for node 0 (00000000:00000000)
[    0.000000] Memory: 1012180K/1048120K available (7970K kernel code, 767K rwdata, 3168K rodata, 940K init, 800K bss, 35940K reserved, 0K cma-reserved, 135112K highmem)
[    0.000000] virtual kernel memory layout:
[    0.000000]     fixmap  : 0xfff15000 - 0xfffff000   ( 936 kB)
[    0.000000]     pkmap   : 0xffc00000 - 0xffe00000   (2048 kB)
[    0.000000]     vmalloc : 0xf83fe000 - 0xffbfe000   ( 120 MB)
[    0.000000]     lowmem  : 0xc0000000 - 0xf7bfe000   ( 891 MB)
[    0.000000]       .init : 0xc1ba3000 - 0xc1c8e000   ( 940 kB)
[    0.000000]       .data : 0xc17c8bed - 0xc1ba1fc0   (3940 kB)
[    0.000000]       .text : 0xc1000000 - 0xc17c8bed   (7970 kB)
[    0.000000] Checking if this processor honours the WP bit even in supervisor mode...Ok.
[    0.000000] SLUB: HWalign=64, Order=0-3 MinOjects=0, CPUs=2, Nodes=1
[    0.000000] Hierarchical RCU implementation.
[    0.000000] 	Build-time adjustment of leaf fanout to 32.
[    0.000000] 	RCU restricting CPUs from NR_CPUS=8 to nr_cpu_ids=2.
[    0.000000] RCU: Adjusting geometry for rcu_fanout_leaf=32, nr_cpu_ids=2
[    0.000000] NR_IRQS:2304 nr_irqs:440 16
[    0.000000] Console: colour VGA+ 80x25
[    0.000000] console [tty1] enabled
[    0.000000] console [ttyS0] enabled
[   0.000000] allocated 1048576 bytes of page_ext
[   0.000000] tsc: Detected 2393.954 MHz processor
[    1.783209] Calibrating delay loop (skipped) preset value.. 4787.90 BogoMIPS (lpj=9575816)
[    1.796238] pid_max: default: 32768 minimum: 301
[    1.805652] ACPI: Core revision 20150930
[    1.809601] ACPI: 2 ACPI AML tables successfully acquired and loaded
[    1.828360] Security Framework initialized
[    1.830365] Yama: becoming mindful.
[    1.833732] AppArmor: AppArmor initialized
[    1.852179] Mount-cache hash table entries: 2048 (order: 1, 8192 bytes)
[    1.865572] Mountpoint-cache hash table entries: 2048 (order: 1, 8192 bytes)
[    1.869055] Initializing cgroup subsys io
[    1.872738] Initializing cgroup subsys memory
[    1.882947] Initializincgroup subsys devices
[    1.968054] Initializing cgroup subsys freezer
[    1.970086] Initializing cgroup subsys net_cls
[    1.972145] Initializing cgroup subsys perf_event
[    1.974339] Initializing cgroup subsys net_prio
[    1.979000] Initializing cgroup subsys hugetlb
[    1.984927] Initializing cgroup subsys pids
[    1.993174] CPU: Physical Processor ID: 0
[    1.995092] CPU: Processor Core ID: 0
[    2.001244] mce: CPU supports 0 MCE banks
[    2.003297] Last level iTLB entries: 4KB 128, 2MB 4, 4MB 4
[    2.008382] Last level dTLB entries: 4KB 256, 2MB 0, 4MB 32, 1GB 0
[    2.031812] Freeing SMP alternatives memory: 28K
[    2.060125] ftrace: allocating 31441 entries in 62 pages
[    2.175740] smpboot: APIC(0) Converting physical 0 to logical package 0
[    2.186643] smpboot: Max logical packages: 1
[    2.190426] Enabling APIC mode:  Flat.  Using 1 I/O APICs
[    2.198561] ..TIMER: vector=0x30 apic1=0 pin1=2 apic2=-1 pin2=-1
[    2.309007] APIC calibration not consistent with PM-Timer: 98ms instead of 100ms
[    2.318355] APIC delta adjusted to PM-Timer: 6348234 (6250161)
[    2.321691] smpboot: CPU0: Intel(R) Core(TM)2 Duo CPU     P8600  @ 2.40GHz (family: 0x6, model: 0x17, stepping: 0xa)
[    2.329925] Performance Events: unsupported p6 CPU model 23 no PMU driver, software events only.
[    2.334201] KVM setup paravirtual spinlock
[    2.338142] x86: Booting SMP configuration:
[    2.341764] .... node  #0, CPUs:      #1
[1266874885.831823] Initializing CPU#1
[    2.354530] kvm-clock: cpu 1, msr 0:37bfd041, secondary cpu clock
[    2.357254] mce: CPU supports 0 MCE banks
[    2.360913] x86: Booted up 1 node, 2 CPUs
[    2.365920] smpboot: Total of 2 processors activated (9575.81 BogoMIPS)
[    2.382055] devtmpfs: initialized
[    2.384946] evm: security.selinux
[    2.393030] evm: security.SMACK64
[    2.401706] evm: security.SMACK64EXEC
[    2.417740] evm: security.SMACK64TRANSMUTE
[    2.432762] evm: security.SMACK64MMAP
[    2.441067] evm: security.ima
[    2.454593] evm: security.capability
[    2.456780] clocksource: jiffies: mask: 0xffffffff max_cycles: 0xffffffff, max_idle_ns: 7645041785100000 ns
[    2.463522] futex hash table entries: 512 (order: 3, 32768 bytes)
[    2.474259] pinctrl core: initialized pinctrl subsystem
[    2.480985] RTC time:  2:08:42, date: 01/12/18
[    2.486249] NET: Registered protocol family 16
[    2.495916] EISA bus registered
[    2.520527] cpuidle: using governor ladder
[    2.531625] cpuidle: using governor menu
[    2.541137] PCCT header not found.
[    2.547212] ACPI: bus type PCI registered
[    2.553371] acpiphp: ACPI Hot Plug PCI Controller Driver version: 0.5
[    2.570036] PCI : PCI BIOS area is rw and x. Use pci=nobios if you want it NX.
[    2.586889] PCI: PCI BIOS revision 2.10 entry at 0xfda26, last bus=0
[    2.594469] PCI: Using configuration type 1 for base access
[    2.614565] ACPI: Added _OSI(Module Device)
[    2.632839] ACPI: Added _OSI(Processor Device)
[    2.635966] ACPI: Added _OSI(3.0 _SCP Extensions)
[    2.640016] ACPI: Added _OSI(Processor Aggregator Device)
[    2.644965] ACPI: Executed 1 blocks of module-level executable AML code
[    2.652409] ACPI: Interpreter enabled
[    2.660324] ACPI: (supports S0 S5)
[    2.665703] ACPI: Using IOAPIC for interrupt routing
[    2.668964] PCI: Using host bridge windows from ACPI; if necessary, use "pci=nocrs" and report a bug
[    2.701288] ACPI: PCI Root Bridge [PCI0] (domain 0000 [bus 00-ff])
[    2.712994] acpi PNP0A03:00: _OSC: OS supports [ASPM ClockPM Segments MSI]
[    2.718222] acpi PNP0A03:00: _OSC failed (AE_NOT_FOUND); disabling ASPM
[    2.746480] acpi PNP0A03:00: fail to add MMCONFIG information, can't access extended PCI configuration space under this bridge.
[    2.765346] PCI host bridge to bus 0000:00
[    2.779280] pci_bus 0000:00: root bus resource [io  0x0000-0x0cf7 window]
[    2.811986] pci_bus 0000:00: root bus resource [io  0x0d00-0xffff window]
[    2.820697] pci_bus 0000:00: root bus resource [mem 0x000a0000-0x000bffff window]
[    2.845096] pci_bus 0000:00: root bus resource [mem 0x40000000-0xffdfffff window]
[    2.848925] pci_bus 0000:00: root bus resource [bus 00-ff]
[    2.859065] pci 0000:00:01.1: legacy IDE quirk: reg 0x10: [io  0x01f0-0x01f7]
[    2.863355] pci 0000:00:01.1: legacy IDE quirk: reg 0x14: [io  0x03f6]
[    2.879093] pci 0000:00:01.1: legacy IDE quirk: reg 0x18: [io  0x0170-0x0177]
[    2.883423] pci 0000:00:01.1: legacy IDE quirk: reg 0x1c: [io  0x0376]
[    2.997352] ACPI: PCI Interrupt Link [LNKA] (IRQs 5 9 10 11) *0, disabled.
[    3.011534] ACPI: PCI Interrupt Link [LNKB] (IRQs 5 9 10 *11)
[    3.016028] ACPI: PCI Interrupt Link [LNKC] (IRQs 5 9 *10 11)
[    3.021767] ACPI: PCI Interrupt Link [LNKD] (IRQs 5 *9 10 11)
[    3.027027] ACPI: Enabled 2 GPEs in block 00 to 07
[    3.032668] vgaarb: setting as boot device: PCI:0000:00:02.0
[    3.039790] vgaarb: device added: PCI:0000:00:02.0,decodes=io+mem,owns=io+mem,locks=none
[    3.048184] vgaarb: loaded
[    3.049737] vgaarb: bridge control possible 0000:00:02.0
[    3.055523] SCSI subsystem initialized
[    3.060276] ACPI: bus type USB registered
[    3.064556] usbcore: registered new interface driver usbfs
[    3.066959] usbcore: registered new interface driver hub
[    3.087477] usbcore: registered new device driver usb
[    3.092723] PCI: Using ACPI for IRQ routing
[    3.096989] NetLabel: Initializing
[    3.108960] NetLabel:  domain hash size = 128
[    3.110987] NetLabel:  protocols = UNLABELED CIPSOv4
[    3.113208] NetLabel:  unlabeled traffic allowed by default
[    3.118134] amd_nb: Cannot enumerate AMD northbridges
[    3.124318] clocksource: Switched to clocksource kvm-clock
[    .172 AppArmor: AppArmor Filesystem Enabled
[   .486 p: nPCPint
[    4.102850] pnp: PnP ACPI: found 3 devices
[  4.120075] PnPBIOS: Disabled by ACPI PNP

[  4266538] clocksource: acpi_pm: mask: 0xffffff max_cycles: 0xffffff, max_idle_ns: 2085701024 ns
[  4347]NE: Registered protocol family 2
[    .846] TCP established hash table entries: 8192 (order: 3, 32768 bytes)

[    5.015648] TCP nd hshtaleenri: 8192 (order: 4, 65536 bytes)
[    5.447987] TCP: Hash tables configured (established 8192 bind 8192)
[   .451830] UDP hash table entries: 512 (order: 2, 16384 bytes)
[    5.543636] UDP-Lite hash table entries: 512 (order: 2, 16384 bytes)
[    5.546368] NET: Registered protocol family 1
[    5.548358] pci 0000:00:00.0: Limiting direct PCI/PCI transfers
[    5.550840] pci 0000:00:01.0: Activating ISA DMA hang workarounds
[   5.553683] Unpacking initramfs...

[  8.031328] Freeing initrd memory: 10748K
[    8.129480] platform rtc_cmos: registered platform RTC device (no PNP device found)
[    8.150021] Scanning for low memory corruption every 60 seconds
[    8.174917] audit: initializing netlink subsys (disabled)
[    8.191295] audit: type=2000 audit(1515722931.393:1): initialized
[    8.195715] Initialise system trusted keyring
[    8.218904] HugeTLB registered 2 MB page size, pre-allocated 0 pages
[    8.226451] zbud: loaded
[    8.230366] VFS: Disk quotas dquot_6.6.0
[    8.232298] VFS: Dquot-cache hash table entries: 1024 (order 0, 4096 bytes)
[   8.248142] squashfs: version 4.0 (2009/01/31) Phillip Lougher
[  83221]fu it (API version 7.23)
[   .894] Key type big_key registered
[    9.123263] Allocating IMA MOK and blacklist keyrings.
[    9.128933] Key type asymmetric registered
[    9.143777] Asymmetric key parser 'x509' registered
[    9.147100] bounce: pool size: 64 pages
[    9.149477] Block layer SCSI generic (bsg) driver version 0.4 loaded (major 249)
[    9.181982] io scheduler noop registered
[    9.199117] io scheduler deadline registered (default)
[    9.206900] io scheduler cfq registered
[    9.208958] pci_hotplug: PCI Hot Plug PCI Core version: 0.5
[    9.214638] pciehp: PCI Express Hot Plug Controller Driver version: 0.4
[    9.218185] ACPI: AC Adapter [AC] (on-line)
[    9.226485] input: Power Button as /devices/LNXSYSTM:00/LNXPWRBN:00/input/input0
[    9.229904] ACPI: Power Button [PWRF]
[    9.232582] input: Sleep Button as /devices/LNXSYSTM:00/LNXSLPBN:00/input/input1
[    9.249857] ACPI: Sleep Button [SLPF]
[    9.252684] GHES: HEST is not enabled!
[    9.254848] ACPI: Battery Slot [BAT0] (battery present)
[    9.285084] isapnp: Scanning for PnP cards...
[    9.285175] Serial: 8250/16550 driver, 32 ports, IRQ sharing enabled
[    9.327500] 00:02: ttyS0 at I/O 0x3f8 (irq = 4, base_baud = 115200) is a 16550A
[    9.335418] Linux agpgart interface v0.103
[    9.399723] loop: module loaded
[    9.401100] scsi host0: ata_piix
[    9.401248] scsi host1: ata_piix
[    9.401334] ata1: PATA max UDMA/33 cmd 0x1f0 ctl 0x3f6 bmdma 0xd000 irq 14
[    9.401335] ata2: PATA max UDMA/33 cmd 0x170 ctl 0x376 bmdma 0xd008 irq 15
[    9.401510] libphy: Fixed MDIO Bus: probed
[    9.401519] tun: Universal TUN/TAP device driver, 1.6
[    9.401520] tun: (C) 1999-2004 Max Krasnyansky <maxk@qualcomm.com>
[    9.401614] PPP generic driver version 2.4.2
[    9.401750] ehci_hcd: USB 2.0 'Enhanced' Host Controller (EHCI) Driver
[    9.401762] ehci-pci: EHCI PCI platform driver
[    9.401788] ehci-platform: EHCI generic platform driver
[    9.401809] ohci_hcd: USB 1.1 'Open' Host Controller (OHCI) Driver
[    9.401819] ohci-pci: OHCI PCI platform driver
[    9.401845] ohci-platform: OHCI generic platform driver
[    9.401859] uhci_hcd: USB Universal Host Controller Interface driver
[    9.401997] i8042: PNP: PS/2 Controller [PNP0303:PS2K,PNP0f03:PS2M] at 0x60,0x64 irq 1,12
[    9.402964] serio: i8042 KBD port at 0x60,0x64 irq 1
[    9.402975] serio: i8042 AUX port at 0x60,0x64 irq 12
[    9.403259] mousedev: PS/2 mouse device common for all mice
[    9.403937] input: AT Translated Set 2 keyboard as /devices/platform/i8042/serio0/input/input2
[    9.404728] rtc_cmos rtc_cmos: rtc core: registered rtc_cmos as rtc0
[    9.404860] rtc_cmos rtc_cmos: alarms up to one day, 114 bytes nvram
[    9.404871] i2c /dev entries driver
[    9.404988] device-mapper: uevent: version 1.0.3
[    9.405114] device-mapper: ioctl: 4.34.0-ioctl (2015-10-28) initialised: dm-devel@redhat.com
[    9.405160] platform eisa.0: Probing EISA bus 0
[    9.405162] platform eisa.0: EISA: Cannot allocate resource for mainboard
[    9.405164] platform eisa.0: Cannot allocate resource for EISA slot 1
[    9.405166] platform eisa.0: Cannot allocate resource for EISA slot 2
[    9.405168] platform eisa.0: Cannot allocate resource for EISA slot 3
[    9.405170] platform eisa.0: Cannot allocate resource for EISA slot 4
[    9.405172] platform eisa.0: Cannot allocate resource for EISA slot 5
[    9.405174] platform eisa.0: Cannot allocate resource for EISA slot 6
[    9.405176] platform eisa.0: Cannot allocate resource for EISA slot 7
[    9.405177] platform eisa.0: Cannot allocate resource for EISA slot 8
[    9.405179] platform eisa.0: EISA: Detected 0 cards
[    9.405206] cpufreq-nforce2: No nForce2 chipset.
[    9.405221] ledtrig-cpu: registered to indicate activity on CPUs
[    9.405747] NET: Registered protocol family 10
[    9.407166] NET: Registered protocol family 17
[    9.407191] Key type dns_resolver registered
[    9.407564] microcode: CPU0 sig=0x1067a, pf=0x40, revision=0x60b
[    9.410867] microcode: CPU1 sig=0x1067a, pf=0x40, revision=0x60b
[    9.410922] microcode: Microcode Update Driver: v2.01 <tigran@aivazian.fsnet.co.uk>, Peter Oruba
[    9.410949] Using IPI No-Shortcut mode
[    9.411231] registered taskstats version 1
[    9.411266] Loading compiled-in X.509 certificates
[    9.415155] Loaded X.509 cert 'Build time autogenerated kernel key: 61680777b0781d919fde26ef1e45786ce4ad0574'
[    9.415247] zswap: loaded using pool lzo/zbud
[    9.430253] Key type trusted registered
[    9.456582] Key type encrypted registered
[    9.456597] AppArmor: AppArmor sha1 policy hashing enabled
[    9.456617] ima: No TPM chip found, activating TPM-bypass!
[    9.456663] evm: HMAC attrs: 0x1
[    9.457166]   Magic number: 2:144:106
[    9.458705] rtc_cmos rtc_cmos: setting system clock to 2018-01-12 02:08:49 UTC (1515722929)
[    9.459026] BIOS EDD facility v0.16 2004-Jun-25, 0 devices found
[    9.459027] EDD information not available.
[   10.202896] clocksource: tsc: mask: 0xffffffffffffffff max_cycles: 0x2281e840745, max_idle_ns: 440795292534 ns
[   10.412460] isapnp: No Plug & Play device found
[   10.419490] Freeing unused kernel memory: 940K
[   10.439423] Write protecting the kernel text: 7972k
[   10.468826] Write protecting the kernel read-only data: 3172k
[   10.486748] NX-protecting the kernel data: 6364k
Loading, please wait...
starting version 229
[   10.709650] random: systemd-udevd: uninitialized urandom read (16 bytes read, 3 bits of entropy available)
[   10.716336] random: systemd-udevd: uninitialized urandom read (16 bytes read, 3 bits of entropy available)
[   10.726745] random: systemd-udevd: uninitialized urandom read (16 bytes read, 3 bits of entropy available)
[   10.727472] random: udevadm: uninitialized urandom read (16 bytes read, 3 bits of entropy available)
[   10.906427] random: systemd-udevd: uninitialized urandom read (16 bytes read, 3 bits of entropy available)
[   10.935730] random: udevadm: uninitialized urandom read (16 bytes read, 3 bits of entropy available)
[   10.936156] random: udevadm: uninitialized urandom read (16 bytes read, 3 bits of entropy available)
[   10.936990] random: udevadm: uninitialized urandom read (16 bytes read, 3 bits of entropy available)
[   10.937337] random: udevadm: uninitialized urandom read (16 bytes read, 3 bits of entropy available)
[   10.937723] random: udevadm: uninitialized urandom read (16 bytes read, 3 bits of entropy available)
[   11.158220] e1000: Intel(R) PRO/1000 Network Driver - version 7.3.21-k8-NAPI
[   11.201397] e1000: Copyright (c) 1999-2006 Intel Corporation.
[   11.244290] Fusion MPT base driver 3.04.20
[   11.247022] Copyright (c) 1999-2008 LSI Corporation
[   11.435388] Fusion MPT SPI Host driver 3.04.20
[   11.485470] input: ImExPS/2 Generic Explorer Mouse as /devices/platform/i8042/serio1/input/input4
[   11.830724] e1000 0000:00:03.0 eth0: (PCI:33MHz:32-bit) 02:57:70:43:80:c6
[   11.833543] e1000 0000:00:03.0 eth0: Intel(R) PRO/1000 Network Connection
[   11.843814] mptbase: ioc0: Initiating bringup
[   11.926993] ioc0: LSI53C1030 A0: Capabilities={Initiator}
[   12.173935] scsi host2: ioc0: LSI53C1030 A0, FwRev=00000000h, Ports=1, MaxQ=256, IRQ=20
[   12.314598] scsi 2:0:0:0: Direct-Access     VBOX     HARDDISK         1.0  PQ: 0 ANSI: 5
[   12.433267] scsi target2:0:0: Beginning Domain Validation
[   12.438317] scsi target2:0:0: Domain Validation skipping write tests
[   12.448677] scsi target2:0:0: Ending Domain Validation
[   12.451599] scsi target2:0:0: asynchronous
[   12.455269] scsi 2:0:1:0: Direct-Access     VBOX     HARDDISK         1.0  PQ: 0 ANSI: 5
[   12.500185] scsi target2:0:1: Beginning Domain Validation
[   12.511176] scsi target2:0:1: Domain Validation skipping write tests
[   12.514891] scsi target2:0:1: Ending Domain Validation
[   12.518167] scsi target2:0:1: asynchronous
[   12.534470] sd 2:0:0:0: Attached scsi generic sg0 type 0
[   12.576481] sd 2:0:0:0: [sda] 20971520 512-byte logical blocks: (10.7 GB/10.0 GiB)
[   12.582833] sd 2:0:1:0: Attached scsi generic sg1 type 0
[   12.627090] sd 2:0:0:0: [sda] Write Protect is off
[   12.664279] sd 2:0:1:0: [sdb] 20480 512-byte logical blocks: (10.5 MB/10.0 MiB)
[   12.774891] sd 2:0:0:0: [sda] Incomplete mode parameter data
[   12.778281] sd 2:0:0:0: [sda] Assuming drive cache: write through
[   12.782677] sd 2:0:1:0: [sdb] Write Protect is off
[   12.791951] sd 2:0:1:0: [sdb] Incomplete mode parameter data
[   12.812815] sd 2:0:1:0: [sdb] Assuming drive cache: write through
[   12.819161]  sda: sda1
[   12.834838] sd 2:0:0:0: [sda] Attached SCSI disk
[   12.916543] sd 2:0:1:0: [sdb] Attached SCSI disk
[   12.960323] e1000 0000:00:08.0 eth1: (PCI:33MHz:32-bit) 08:00:27:03:fd:1b
[   12.972612] e1000 0000:00:08.0 eth1: Intel(R) PRO/1000 Network Connection
[   13.008125] e1000 0000:00:08.0 enp0s8: renamed from eth1
[   13.028889] e1000 0000:00:03.0 enp0s3: renamed from eth0
[   14.401092] floppy0: no floppy controllers found
Begin: Loading essential drivers ... [   16.975907] md: linear personality registered for level -1
[   17.029741] md: multipath personality registered for level -4
[   17.082744] md: raid0 personality registered for level 0
[   17.145601] md: raid1 personality registered for level 1
[   17.296993] raid6: mmxx1    gen()  2843 MB/s
[   17.376347] raid6: mmxx2    gen()  3301 MB/s
[   17.448625] raid6: sse1x1   gen()  1920 MB/s
[   17.544875] raid6: sse1x2   gen()  2579 MB/s
[   17.621027] raid6: sse2x1   gen()  3416 MB/s
[   17.692902] raid6: sse2x1   xor()  3798 MB/s
[   17.772407] raid6: sse2x2   gen()  3792 MB/s
[   17.848427] raid6: sse2x2   xor()  4123 MB/s
[   17.862631] raid6: using algorithm sse2x2 gen() 3792 MB/s
[   17.869206] raid6: .... xor() 4123 MB/s, rmw enabled
[   17.871357] raid6: using ssse3x1 recovery algorithm
[   17.916425] xor: measuring software checksum speed
[   17.964531]    pIII_sse  :  8412.000 MB/sec
[   18.004442]    prefetch64-sse:  9509.000 MB/sec
[   18.020355] xor: using function: prefetch64-sse (9509.000 MB/sec)
[   18.037087] async_tx: api initialized (async)
[   18.139778] md: raid6 personality registered for level 6
[   18.194004] md: raid5 personality registered for level 5
[   18.200516] md: raid4 personality registered for level 4
[   18.325893] md: raid10 personality registered for level 10
done.
Begin: Running /scripts/init-premount ... done.
Begin: Mounting root file system ... Begin: Running /scripts/local-top ... done.
Begin: Running /scripts/local-pr[   18.724137] Btrfs loaded
emount ... Scanning for Btrfs filesystems
done.
Warning: fsck not present, so skipping root file system
[   19.153207] EXT4-fs (sda1): mounted filesystem with ordered data mode. Opts: (null)
done.
Begin: Running /scripts/local-bottom ... done.
Begin: Running /scripts/init-bottom ... done.
[   19.902766] random: nonblocking pool is initialized
[   20.467634] systemd[1]: systemd 229 running in system mode. (+PAM +AUDIT +SELINUX +IMA +APPARMOR +SMACK +SYSVINIT +UTMP +LIBCRYPTSETUP +GCRYPT +GNUTLS +ACL +XZ -LZ4 +SECCOMP +BLKID +ELFUTILS +KMOD -IDN)
[   20.500013] systemd[1]: Detected virtualization oracle.
[   20.506659] systemd[1]: Detected architecture x86.

Welcome to [1mUbuntu 16.04.3 LTS[0m!

[   20.605774] systemd[1]: Set hostname to <ubuntu-xenial>.
[   21.632421] systemd[1]: Listening on Journal Audit Socket.
[[0;32m  OK  [0m] Listening on Journal Audit Socket.
[   21.709781] systemd[1]: Reached target Swap.
[[0;32m  OK  [0m] Reached target Swap.
[   21.736873] systemd[1]: Listening on LVM2 poll daemon socket.
[[0;32m  OK  [0m] Listening on LVM2 poll daemon socket.
[   21.774455] systemd[1]: Reached target User and Group Name Lookups.
[[0;32m  OK  [0m] Reached target User and Group Name Lookups.
[   21.786751] systemd[1]: Created slice System Slice.
[[0;32m  OK  [0m] Created slice System Slice.
[   21.827950] systemd[1]: Created slice system-serial\x2dgetty.slice.
[[0;32m  OK  [0m] Created slice system-serial\x2dgetty.slice.
[   21.873109] systemd[1]: Started Forward Password Requests to Wall Directory Watch.
[[0;32m  OK  [0m] Started Forward Password Requests to Wall Directory Watch.
[   21.928835] systemd[1]: Listening on Journal Socket.
[[0;32m  OK  [0m] Listening on Journal Socket.
[   22.074152] systemd[1]: Starting Load Kernel Modules...
         Starting Load Kernel Modules...
[   22.161187] Loading iSCSI transport class v2.0-870.
[   22.193956] systemd[1]: Starting Nameserver information manager...
         Starting Nameserver information manager...
[   22.248672] iscsi: registered transport (tcp)
[   22.269259] systemd[1]: Starting Remount Root and Kernel File Systems...
         Starting Remount Root and Kernel File Systems...
[   22.398057] systemd[1]: Mounting Huge Pages File System...
         Mounting Huge Pages File System...
[   22.513245] EXT4-fs (sda1): re-mounted. Opts: (null)
[   22.518977] systemd[1]: Mounting POSIX Message Queue File System...
         Mounting POSIX Message Queue File System...
[   22.594543] systemd[1]: Listening on LVM2 metadata daemon socket.
[[0;32m  OK  [0m] Listening on LVM2 metadata daemon socket.
[   22.644268] systemd[1]: Listening on Syslog Socket.
[[0;32m  OK  [0[   22.709931] iscsi: registered transport (iser)
m] Listening on Syslog Socket.
[   22.724627] systemd[1]: Created slice User and Session Slice.
[[0;32m  OK  [0m] Created slice User and Session Slice.
[   22.742806] systemd[1]: Listening on udev Kernel Socket.
[[0;32m  OK  [0m] Listening on udev Kernel Socket.
[   22.763847] systemd[1]: Started Trigger resolvconf update for networkd DNS.
[[0;32m  OK  [0m] Started Trigger resolvconf update for networkd DNS.
[   22.780974] systemd[1]: Listening on /dev/initctl Compatibility Named Pipe.
[[0;32m  OK  [0m] Listening on /dev/initctl Compatibility Named Pipe.
[   22.807108] systemd[1]: Set up automount Arbitrary Executable File Formats File System Automount Point.
[[0;32m  OK  [0m] Set up automount Arbitrary Executab...ats File System Automount Point.
[   22.871284] systemd[1]: Starting Uncomplicated firewall...
         Starting Uncomplicated firewall...
[   22.920928] systemd[1]: Rehed target Slices.
[[0;32m  OK  [0m] Reached target Slices.
[   23.033838] systemd[1]: Listening on Journal Socket (/dev/log).
[[0;32m  OK  [0m] Listening on Journal Socket (/dev/log).
[   23.069444] systemd[1]: Mounting Debug File System...
         Mounting Debug File System...
[   23.128860] systemd[1]: Starting Create list of required static device nodes for the current kernel...
         Starting Create list of required st... nodes for the current kernel...
[   23.231748] systemd[1]: Starting Journal Service...
         Starting Journal Service...
[   23.239430] systemd[1]: Listening on udev Control Socket.
[[0;32m  OK  [0m] Listening on udev Control Socket.
[   23.300288] systemd[1]: Starting Set console keymap...
         Starting Set console keymap...
[   23.34978 systemd[1]: Listening on Device-mapper event daemon FIFOs.
[[0;32m  OK  [0m] Listening on Device-mapper event daemon FIFOs.
[   23.540108] systemd[1]: Starting Monitoring of LVM2 mirrors, snapshots etc. using dmeventd or progress polling...
         Starting Monitoring of LVM2 mirrors... dmeventd or progress polling...
[   23.588062] systemd[1]: Reached target Encrypted Volumes.
[[0;32m  OK  [0m] Reached target Encrypted Volumes.
[   23.663115] systemd[1]: Mounted Debug File System.
[[0;32m  OK  [0m] Mounted Debug File System.
[   23.736166] systemd[1]: Mounted POSIX Message Queue File System.
[[0;32m  OK  [0m] Mounted POSIX Message Queue File System.
[   23.776911] systemd[1]: Mounted Huge Pages File System.
[[0;32m  OK  [0m] Mounted Huge Pages File System.
[   23.845367] systemd[1]: Started Journal Service.
[[0;32m  OK  [0m] Started Journal Service.
[[0;32m  OK  [0m] Started Load Kernel Modules.
[[0;32m  OK  [0m] Started Remount Root and Kernel File Systems.
[[0;32m  OK  [0m] Started Uncomplicated firewall.
[[0;32m  OK  [0m] Started Create list of required sta...ce nodes for the current kernel.
[[0;32m  OK  [0m] Started Set console keymap.
[[0;32m  OK  [0m] Started Nameserver information manager.
[[0;32m  OK  [0m] Started LVM2 metadata daemon.
         Starting Create Static Device Nodes in /dev...
         Starting Load/Save Random Seed...
         Starting Initial cloud-init job (pre-networking)...
         Starting udev Coldplug all Devices...
         Starting Apply Kernel Variables...
         Mounting FUSE Control File System...
         Starting Flush Journal to Persistent Storage...
[[0;32m  OK  [0m] Mounted FUSE Control File System.
[[0;32m  OK  [0m] Started Monitoring of LVM2 mirrors,...ng dmeventd or progress polling.
[[0;32m  OK  [0m] Started Create Static Device Nodes in /dev.
[[0;32m  OK  [0m] Started Load/Save Random Seed.
[[0;32m  OK  [0m] Started Apply Kernel Variables.
[[0;32m  OK  [0m] Started udev Coldplug all Devices.
[[0;32m  OK  [0m] Started Flush Journal to Persistent Storage.
         Starting udev Kernel Device Manager...
[[0;32m  OK  [0m] Started udev Kernel Device Manager.
[[0;32m  OK  [0m] Reached target Local File Systems (Pre).
[[0;32m  OK  [0m] Reached target Local File Systems.
         Starting LSB: AppArmor initialization...
         Starting Set console font and keymap...
         Starting Create Volatile Files and Directories...
         Starting Tell Plymouth To Write Out Runtime Data...
[[0;32m  OK  [0m] Started Dispatch Password Requests to Console Directory Watch.
[[0;32m  OK  [0m] Started Tell Plymouth To Write Out Runtime Data.
[[0;32m  OK  [0m] Started Create Volatile Files and Directories.
[[0;32m  OK  [0m] Found device /dev/ttyS0.
[[0;32m  OK  [0m] Reached target System Time Synchronized.
         Starting Update UTMP about System Boot/Shutdown...
[[0;32m  OK  [0m] Started Update UTMP about System Boot/Shutdown.
[[0;32m  OK  [0m] Listening on Load/Save RF Kill Switch Status /dev/rfkill Watch.
[[0;32m  OK  [0m] Started LSB: AppArmor initialization.
[[0;32m  OK  [0m] Found device 82540EM Gigabit Ethern...r (PRO/1000 MT Desktop Adapter).
[[0;32m  OK  [0m] Found device 82540EM Gigabit Ethern...r (PRO/1000 MT Desktop Adapter).
[[0;32m  OK  [0m] Started Set console font and keymap.
[[0;32m  OK  [0m] Created slice system-getty.slice.
[   30.709986] cloud-init[439]: Cloud-init v. 17.1 running 'init-local' at Fri, 12 Jan 2018 02:09:11 +0000. Up 28.47 seconds.
[[0;32m  OK  [0m] Started Initial cloud-init job (pre-networking).
[[0;32m  OK  [0m] Reached target Network (Pre).
         Starting Raise network interfaces...
[[0;32m  OK  [0m] Started ifup for enp0s8.
[[0;32m  OK  [0m] Started ifup for enp0s3.
[[0;32m  OK  [0m] Started Raise network interfaces.
[[0;32m  OK  [0m] Reached target Network.
         Starting Initial cloud-init job (metadata service crawler)...
[   36.200009] cloud-init[1065]: Cloud-init v. 17.1 running 'init' at Fri, 12 Jan 2018 02:09:16 +0000. Up 34.23 seconds.
[   36.237735] cloud-init[1065]: ci-info: ++++++++++++++++++++++++++++++++++++++Net device info++++++++++++++++++++++++++++++++++++++
[   36.257192] cloud-init[1065]: ci-info: +--------+------+-----------------------------+---------------+-------+-------------------+
[   36.329237] cloud-init[1065]: ci-info: | Device |  Up  |           Address           |      Mask     | Scope |     Hw-Address    |
[   36.336007] cloud-init[1065]: ci-info: +--------+------+-----------------------------+---------------+-------+-------------------+
[   36.342665] cloud-init[1065]: ci-info: | enp0s3 | True |          10.0.2.15          | 255.255.255.0 |   .   | 02:57:70:43:80:c6 |
[   36.349438] cloud-init[1065]: ci-info: | enp0s3 | True |  fe80::57:70ff:fe43:80c6/64 |       .       |  link | 02:57:70:43:80:c6 |
[   36.356100] cloud-init[1065]: ci-info: | enp0s8 | True |        10.11.217.136        | 255.255.255.0 |   .   | 08:00:27:03:fd:1b |
[[0;32m  OK  [0m] Started Initial cloud-init job (metadata service crawler).
[   36.393832] cloud-init[1065]: ci-info: | enp0s8 | True | fe80::a00:27ff:fe03:fd1b/64 |       .       |  link | 08:00:27:03:fd:1b |
[   36.450970] cloud-init[1065]: ci-info: |   lo   | True |          127.0.0.1          |   255.0.0.0   |   .   |         .         |
[[0;32m  OK  [0m] Reached target Network is Online.
[   36.453986] cloud-init[1065]: ci-info: |   lo   | True |           ::1/128           |       .       |  host |         .         |
[   36.810042] cloud-init[1065]: ci-info: +--------+------+-----------------------------+---------------+-------+-------------------+
[   36.813642] cloud-init[1065]: ci-info: +++++++++++++++++++++++++++Route IPv4 info++++++++++++++++++++++++++++
         Starting iSCSI initiator daemon (iscsid)...
[[0;32m  OK  [0m] Reached target System Initialization.
[   36.813896] cloud-init[1065]: ci-info: +-------+-------------+----------+---------------+-----------+-------+
[   37.019194] cloud-init[1065]: ci-info: | Route | Destination | Gateway  |    Genmask    | Interface | Flags |
[   37.081452] cloud-init[1065]: ci-info: +-------+-------------+----------+---------------+-----------+-------+
[[0;32m  OK  [0m] Started ACPI Events Check.
[   37.108037] cloud-init[1065]: ci-info: |   0   |   0.0.0.0   | 10.0.2.2 |    0.0.0.0    |   enp0s3  |   UG  |
[[0;32m  OK  [0m] Reached target Paths.
[   37.207004] cloud-init[1065]: ci-info: |   1   |   10.0.2.0  | 0.0.0.0  | 255.255.255.0 |   enp0s3  |   U   |
[   37.238673] cloud-init[1065]: ci-info: |   2   | 10.11.217.0 | 0.0.0.0  | 255.255.255.0 |   enp0s8  |   U   |
[   37.239224] cloud-init[1065]: ci-info: +-------+-------------+----------+---------------+-----------+-------+
[[0;32m  OK  [0m] Started Daily Cleanup of Temporary Directories.
[[0;32m  OK  [0m] Started Clean PHP session files every 30 mins.
[[0;32m  OK  [0m] Started Daily apt download activities.
         Starting LXD - unix socket.
[[0;32m  OK  [0m] Listening on D-Bus System Message Bus Socket.
[[0;32m  OK  [0m] Listening on UUID daemon activation socket.
[[0;32m  OK  [0m] Started Timer to automatically refresh installed snaps.
         Starting Socket activation for snappy daemon.
[[0;32m  OK  [0m] Listening on ACPID Listen Socket.
[[0;32m  OK  [0m] Started Daily apt upgrade and clean activities.
[[0;32m  OK  [0m] Reached target Timers.
[[0;32m  OK  [0m] Reached target Cloud-config availability.
[[0;32m  OK  [0m] Listening on LXD - unix socket.
[[0;32m  OK  [0m] Listening on Socket activation for snappy daemon.
[[0;32m  OK  [0m] Started iSCSI initiator daemon (iscsid).
         Starting Login to default iSCSI targets...
[[0;32m  OK  [0m] Reached target Sockets.
[[0;32m  OK  [0m] Reached target Basic System.
[[0;32m  OK  [0m] Started FUSE filesystem for LXC.
         Starting A high performance web server and a reverse proxy server...
         Starting The PHP 7.1 FastCGI Process Manager...
         Starting Clean php session files...
[[0;32m  OK  [0m] Started Deferred execution scheduler.
[[0;32m  OK  [0m] Started ACPI event daemon.
         Starting Login Service...
[[0;32m  OK  [0m] Started Regular background program processing daemon.
         Starting Accounts Service...
         Starting MySQL Community Server...
[[0;32m  OK  [0m] Started Unattended Upgrades Shutdown.
         Starting LSB: Record successful boot for GRUB...
         Starting /etc/rc.local Compatibility...
         Starting Snappy daemon...
         Starting System Logging Service...
[[0;32m  OK  [0m] Started D-Bus System Message Bus.
         Starting LSB: MD monitoring daemon...
         Starting OpenBSD Secure Shell server...
         Starting Apply the settings specified in cloud-config...
         Starting LXD - container startup/shutdown...
[[0;32m  OK  [0m] Started System Logging Service.
[[0;32m  OK  [0m] Started /etc/rc.local Compatibility.
[[0;32m  OK  [0m] Started A high performance web server and a reverse proxy server.
[[0;32m  OK  [0m] Started OpenBSD Secure Shell server.
[[0;32m  OK  [0m] Started Login to default iSCSI targets.
[[0;32m  OK  [0m] Started LSB: Record successful boot for GRUB.
[[0;32m  OK  [0m] Started LSB: MD monitoring daemon.
[[0;32m  OK  [0m] Started Login Service.
         Starting Authenticate and Authorize Users to Run Privileged Tasks...
[[0;32m  OK  [0m] Reached target Remote File Systems (Pre).
[[0;32m  OK  [0m] Reached target Remote File Systems.
         Starting LSB: Set the CPU Frequency Scaling governor to "ondemand"...
         Starting Permit User Sessions...
         Starting LSB: Apache2 web server...
         Starting LSB: VirtualBox Linux Additions...
         Starting LSB: daemon to balance interrupts for SMP systems...
         Starting LSB: automatic crash report generation...
[[0;32m  OK  [0m] Started Snappy daemon.
[[0;32m  OK  [0m] Started Permit User Sessions.
[[0;32m  OK  [0m] Started Authenticate and Authorize Users to Run Privileged Tasks.
[[0;32m  OK  [0m] Started Accounts Service.
         Starting Hold until boot process finishes up...
         Starting Terminate Plymouth Boot Screen...
[[0;32m  OK  [0m] Started LSB: Set the CPU Frequency Scaling governor to "ondemand".
[[0;32m  OK  [0m] Started Hold until boot process finishes up.
[[0;32m  OK  [0m] Started Terminate Plymouth Boot Screen.
[[0;32m  OK  [0m] Started LSB: daemon to balance interrupts for SMP systems.
[[0;32m  OK  [0m] Started LSB: automatic crash report generation.
[   43.969657] cloud-init[1211]: Cloud-init v. 17.1 running 'modules:config' at Fri, 12 Jan 2018 02:09:24 +0000. Up 42.29 seconds.
[[0;32m  OK  [0m] Started Serial Getty on ttyS0.
[[0;32m  OK  [0m] Started Getty on tty1.
[[0;32m  OK  [0m] Reached target Login Prompts.
         Starting Set console scheme...
[[0;32m  OK  [0m] Started Apply the settings specified in cloud-config.
[[0;32m  OK  [0m] Started LXD - container startup/shutdown.
[[0;32m  OK  [0m] Started LSB: VirtualBox Linux Additions.
[[0;32m  OK  [0m] Started Set console scheme.
[[0;32m  OK  [0m] Started LSB: Apache2 web server.
[[0;32m  OK  [0m] Started MySQL Community Server.

Ubuntu 16.04.3 LTS ubuntu-xenial ttyS0

ubuntu-xenial login:          Stopping Authenticate and Authorize Users to Run Privileged Tasks...
[[0;32m  OK  [0m] Stopped Stop ureadahead data collection 45s after completed startup.
[[0;32m  OK  [0m] Stopped Update UTMP about System Runlevel Changes.
[[0;32m  OK  [0m] Stopped target Timers.
[[0;32m  OK  [0m] Stopped Daily Cleanup of Temporary Directories.
[[0;32m  OK  [0m] Stopped Daily apt upgrade and clean activities.
[[0;32m  OK  [0m] Closed Load/Save RF Kill Switch Status /dev/rfkill Watch.
         Stopping ACPI event daemon...
[[0;32m  OK  [0m] Stopped target Graphical Interface.
         Stopping Accounts Service...
[[0;32m  OK  [0m] Stopped target Cloud-init target.
[[0;32m  OK  [0m] Stopped Execute cloud user/final scripts.
[[0;32m  OK  [0m] Stopped target Multi-User System.
         Stopping Deferred execution scheduler...
         Stopping A high performance web server and a reverse proxy server...
         Stopping LSB: Set the CPU Frequency Scaling governor to "ondemand"...
         Stopping LSB: automatic crash report generation...
         Stopping System Logging Service...
         Stopping LXD - container startup/shutdown...
         Stopping MySQL Community Server...
[[0;32m  OK  [0m] Stopped target Login Prompts.
         Stopping Serial Getty on ttyS0...
         Stopping Getty on tty1...
         Stopping LSB: MD monitoring daemon...
         Stopping Regular background program processing daemon...
         Stopping Unattended Upgrades Shutdown...
         Stopping FUSE filesystem for LXC...
         Stopping LSB: Record successful boot for GRUB...
         Stopping Login Service...
         Stopping OpenBSD Secure Shell server...
         Stopping LSB: daemon to balance interrupts for SMP systems...
         Stopping Snappy daemon...
[[0;32m  OK  [0m] Stopped Apply the settings specified in cloud-config.
         Stopping LSB: VirtualBox Linux Additions...
[[0;32m  OK  [0m] Stopped target Cloud-config availability.
         Stopping D-Bus System Message Bus...
[[0;32m  OK  [0m] Stopped Timer to automatically refresh installed snaps.
[[0;32m  OK  [0m] Stopped Daily apt download activities.
[[0;32m  OK  [0m] Unmounted /var/lib/lxcfs.
[[0;32m  OK  [0m] Stopped The PHP 7.1 FastCGI Process Manager.
[[0;32m  OK  [0m] Stopped Clean php session files.
[[0;32m  OK  [0m] Stopped Deferred execution scheduler.
[[0;32m  OK  [0m] Stopped ACPI event daemon.
[[0;32m  OK  [0m] Stopped Login Service.
[[0;32m  OK  [0m] Stopped Regular background program processing daemon.
[[0;32m  OK  [0m] Stopped Accounts Service.
[[0;32m  OK  [0m] Stopped Snappy daemon.
[[0;32m  OK  [0m] Stopped System Logging Service.
[[0;32m  OK  [0m] Stopped OpenBSD Secure Shell server.
[[0;32m  OK  [0m] Stopped Authenticate and Authorize Users to Run Privileged Tasks.
[[0;32m  OK  [0m] Stopped Serial Getty on ttyS0.
[[0;32m  OK  [0m] Stopped Getty on tty1.
[[0;32m  OK  [0m] Stopped A high performance web server and a reverse proxy server.
[[0;32m  OK  [0m] Stopped D-Bus System Message Bus.
[[0;32m  OK  [0m] Stopped FUSE filesystem for LXC.
[[0;32m  OK  [0m] Stopped Unattended Upgrades Shutdown.
[[0;32m  OK  [0m] Stopped LXD - container startup/shutdown.
[[0;32m  OK  [0m] Stopped LSB: Set the CPU Frequency Scaling governor to "ondemand".
[[0;32m  OK  [0m] Stopped LSB: daemon to balance interrupts for SMP systems.
[[0;32m  OK  [0m] Removed slice system-getty.slice.
         Stopping Permit User Sessions...
[[0;32m  OK  [0m] Stopped /etc/rc.local Compatibility.
[[0;32m  OK  [0m] Removed slice system-serial\x2dgetty.slice.
[[0;32m  OK  [0m] Stopped Clean PHP session files every 30 mins.
[[0;32m  OK  [0m] Stopped target System Time Synchronized.
[[0;32m  OK  [0m] Reached target Unmount All Filesystems.
[[0;32m  OK  [0m] Stopped LSB: MD monitoring daemon.
[[0;32m  OK  [0m] Stopped LSB: Record successful boot for GRUB.
[[0;32m  OK  [0m] Stopped Permit User Sessions.
[[0;32m  OK  [0m] Stopped LSB: automatic crash report generation.
[[0;32m  OK  [0m] Stopped target User and Group Name Lookups.
[[0;32m  OK  [0m] Stopped LSB: VirtualBox Linux Additions.
[[0;32m  OK  [0m] Stopped target Remote File Systems.
[[0;32m  OK  [0m] Stopped target Remote File Systems (Pre).
         Stopping Login to default iSCSI targets...
[[0;32m  OK  [0m] Stopped MySQL Community Server.
[[0;32m  OK  [0m] Stopped target Basic System.
[[0;32m  OK  [0m] Stopped target Sockets.
[[0;32m  OK  [0m] Closed Syslog Socket.
[[0;32m  OK  [0m] Closed Socket activation for snappy daemon.
[[0;32m  OK  [0m] Closed D-Bus System Message Bus Socket.
[[0;32m  OK  [0m] Closed LXD - unix socket.
[[0;32m  OK  [0m] Closed UUID daemon activation socket.
[[0;32m  OK  [0m] Closed ACPID Listen Socket.
[[0;32m  OK  [0m] Stopped target Paths.
[[0;32m  OK  [0m] Stopped Dispatch Password Requests to Console Directory Watch.
[[0;32m  OK  [0m] Stopped ACPI Events Check.
[[0;32m  OK  [0m] Stopped Forward Password Requests to Wall Directory Watch.
[[0;32m  OK  [0m] Stopped target System Initialization.
[[0;32m  OK  [0m] Stopped target Swap.
         Stopping Load/Save Random Seed...
         Stopping Update UTMP about System Boot/Shutdown...
[[0;32m  OK  [0m] Stopped target Encrypted Volumes.
[[0;32m  OK  [0m] Stopped target Slices.
[[0;32m  OK  [0m] Removed slice User and Session Slice.
[[0;32m  OK  [0m] Stopped Load/Save Random Seed.
[[0;32m  OK  [0m] Stopped Update UTMP about System Boot/Shutdown.
[[0;32m  OK  [0m] Stopped Login to default iSCSI targets.
         Stopping iSCSI initiator daemon (iscsid)...
[[0;32m  OK  [0m] Stopped Create Volatile Files and Directories.
[[0;32m  OK  [0m] Stopped iSCSI initiator daemon (iscsid).
[[0;32m  OK  [0m] Stopped target Network is Online.
[[0;32m  OK  [0m] Stopped target Network.
[[0;32m  OK  [0m] Stopped Initial cloud-init job (metadata service crawler).
         Stopping Raise network interfaces...
[[0;32m  OK  [0m] Stopped Raise network interfaces.
[[0;32m  OK  [0m] Stopped Apply Kernel Variables.
[[0;32m  OK  [0m] Stopped Load Kernel Modules.
[[0;32m  OK  [0m] Stopped target Network (Pre).
[[0;32m  OK  [0m] Stopped Initial cloud-init job (pre-networking).
[[0;32m  OK  [0m] Stopped target Local File Systems.
[[0;32m  OK  [0m] Stopped target Local File Systems (Pre).
         Stopping Monitoring of LVM2 mirrors... dmeventd or progress polling...
[[0;32m  OK  [0m] Stopped Create Static Device Nodes in /dev.
[[0;32m  OK  [0m] Stopped Remount Root and Kernel File Systems.
[[0;32m  OK  [0m] Reached target Shutdown.
[[0;32m  OK  [0m] Reached target Final Step.
         Starting Power-Off...
[[0;32m  OK  [0m] Stopped Monitoring of LVM2 mirrors,...ng dmeventd or progress polling.
[   77.8613] reboot: Power down
