[    .000] Iitliincgup ssy cput
[  .00000]Intiliincgroupubs cp
[  .0000] Itilizincgoup bss cpcc
[  000000 Lnux rson4.0-04-gerc (bld@l01md6422 (gccerio 5.0201609(Ubuu .4.0ubntu16.4.5)  #7-UbtuMP Mon De1112:142UT20 (Ubun 44.0-04.127-generic 4.4.98)
[    0.00000] Comanline: BT_MAGE/bt/vmnu-4.004-gnec oot=UIee88e1636-41-929-924f6ee rconse=ty1 nsle=tyS
[   00000] RNL suored cs:
[  000000   Intel GenuineInel
[   .00000  MD AheticA
    00000]  ntau CeetaurHals
  .0000]x86/puxsta_ofset[: 57 xate_ze[2]:25
[  000000x8/fpu Sportg SA fatur 01: '7 loatg oit giters
    .000 x86pu Suprtng XVEfeare0x02: 'SSEegster'[   0.0000x8fpu:uporinXSVEfeur 04:AVX giters'
[    0.000000] x86/fpu: Enabled xstate features 0x7, context size is 832 bytes, using 'standard' format.
[    0.000000] x86/fpu: Using 'lazy' FPU context switches.
[    0.000000] e820: BIOS-provided physical RAM map:
[    0.000000] BIOS-e820: [mem 0x0000000000000000-0x000000000009fbff] usable
[    0.000000] BIOS-e820: [mem 0x000000000009fc00-0x000000000009ffff] reserved
[    0.000000] BIOS-e820: [mem 0x00000000000f0000x00000000ffffrerved
[  0.000000] BIOS-e820: [mem 0x0000000000100000-0x000000003ffeffff] usable
[    0.000000] BIOS-e820: [mem 0x000000003fff0000-0x000000003fffffff] ACPI data
[    0.000000] BIOS-e820: [mem 0x00000000fec00000-0x00000000fec00fff] reserved
[    0.000000] BIOS-e820: [mem 0x00000000fee00000-0x00000000fee00fff] reserved
[    0.000000] BIOS-e820: [mem 0x00000000fffc0000-0x00000000ffffffff] seved
[    0.000000] N(Eecte isle proecion: active
[    0.000000] SMBIOS 2.5 resent
  0.000000] Hypervisor detctd:KVM
  0.000] 20: aspf = 03f0 maar_pfn= 400000000
[    0.000000] MTRR: Disabled
[    0.000000] x86/PAT: MTRRs disabled, skipping PAT initialization too.
[    0.000000] CPU MTRRs all blank - virtualized system.
[    0.000000] x86/PAT: Configuration [0-7]: WB  WT  UC- UC  WB  WT  UC- UC  
[    0.000000] found SMP MP-table at [mem 0x0009fff0-0x0009ffff] mapped at [ffff88000009fff0]
[    0.000000] Scanning 1 areas for low memory corruption
[    0.000000] RAMDISK: [mem 0x36234000-0x37111fff]
[    0.000000] ACPI: Early table checksum verification disabled
[    0.000000] ACPI: RSDP 0x00000000000E0000 000024 (v02 VBOX  )
[    0.000000] ACPI: XSDT 0x000000003FFF0030 00003C (v01 VBOX   VBOXXSDT 00000001 ASL  00000061)
[    0.000000] ACPI: FACP 0x000000003FFF00F0 0000F4 (v04 VBOX   VBOXFACP 000001 SL  0006)
[  0.00000] CP: SDT 0x000000003FFF0470 0021FF (v02 VBOX   VBOXBIOS 00000002 INTL 20100528)
[    0.000000] ACPI: FACS 0x000000003FFF0200 000040
[    0.000000] ACPI:  FACS 0x000000003FFF0200 000040
[    0.000000] ACPI: APIC 0x000000003FFF0400005C (v2 OX   VBXAPIC 00000001 ASL  00000061)
[    0.000000] ACPI: SSDT 0x000000003FFF02A0 0001CC (v01 VBOX   VBOXCPUT 00000002 INTL 20100528)
[    0.000000] No NUMA configuration foud
[  0.0000 Faking  nde a[m 0x000000000-0x000000003ffeffff]
[    0.000000] NODE_DATA(0) allocated [mem 0x3ffeb000-0x3ffeffff]
[    0.000000] kvm-clock: Using msrs 4b564d01 and 4b564d00
[    0.000]kvm-clock: cpu 0, msr 0:3ffe30001, rimary cpu clock
[    0.000000] kvm-clock: using sched offset of 3482840548 cycles
[    0.000000] clocksource: kvm-clock: mask: 0xffffffffffffffff max_cycles: 0x1cd42e4dffb, max_idle_ns: 881590591483 ns
[    0.000000] Zone ranges:
[    0.000000]   DMA      [mem 0x0000000000001000-0x0000000000ffffff]
[    0.000000]   DMA32    [mm 0x0000010000-x000000003ffeffff]
[  0.00000] Normal   empty
[    0.000000]   Device   empty
[    0.000000] Movable zone start for each node
[    0.000000] Early memory node ranges
[    0.000000]   node   0: [mem 0x0000000000001000-0x000000000009efff]
[    0.000000]   node   0: [mem 0x0000000000100000-0x000000003ffeffff]
[    0.000000] Initmem setup node 0 [mem 0x0000000000001000-0x000000003ffeffff]
[    0.000000] ACPI: PM-Timer IO Port: 0x4008
[    0.000000] IOAPIC[0]: apic_id 2, version 32, address 0xfec00000, GSI 0-23
[    0.000000] ACPI: INT_SRC_OVR (bus 0 bus_irq 0 global_irq 2 dfl dfl)
[    0.000000] ACPI: INT_SRC_OVR (bus 0 bus_ir 9 global_irq 9 lw vel)
[  .0000]UsinAC (MA) or SMP configuration information
[    0.0000] smpboot: Allowing 2 CPUs, 0 hotplug CPUs
[    0.000000] PM: Registered nosave memory: [mem 0x00000000-0x00000fff]
[    0.000000] PM: Registered nosave memory: [mem 0x0009f000-0x0009ffff]
[    0.000000] PM: Registered nosave emory: [me 0000a000x000eff
[    0.000000] PM: Regiserd osave emy:[mem x0f000-000fffff
[  0.000] e80:me 0x40000-0febfffff] availableor PCIdevices
[    0.000000] Booting paravirtualized kerne oKVM
[   .00000cloksurce refined-jiffies: mask: 0xffffffff max_cycles: 0xffffffff, max_idle_ns: 7645519600211568 ns
[    0.000000] setup_percpu: NR_CPUS:512 nr_cpumask_bits:512 n_cpu_ids:2 nr_node_ids:1
[    0.000000]PERCP Ebedd 3pagescpu @fff8003fc00000 s98200 r8192 d28776 u1048576
[    0.000000] PV qspinlock hash table entries: 256 (order: 0, 4096 bytes)
[    0.000000] Built 1 zonelists in Node order, mobility grouping on.  Total pages: 257913
[    0.000000] Policy zone: DMA32
[   0.000000] Kernel command line: BOOT_IMAGE=/boot/vmlinuz-4.4.0-104-generic root=UUID=ee8827e1-8636-41fb-9829-982477f6eec9 ro console=tty1 cnslettyS0
[    0.000000] PID hash table entries: 4096 (order: 3, 32768 bytes)
[    0.000000] Memory: 997348K/1048120K available (8485K kernel code, 1295K rwdata, 3988K rodata, 1492K ni, 316Kbs 5772Krerved, 0K cma-reserved)
[    0.000000]SLUB Halgn=6, rdr=0-3,Mibjct=0CPs=2,Nos=1[   .00000 HerarhialRC implemtaion.
[    0.000000] 	Build-time adjustment of leaf fanout to 64.
[    0.000000] 	RCU restricting CPUs from NR_CPUS=512 to nr_cpu_ids=2.
[    0.000000] RCU: Adjusting geometry for rcu_fanout_leaf=64, nr_cpu_ids=2
[    0.000000] NR_IRQS:33024 nr_irqs:440 16
[    0.000000] Console: colour VGA+ 80x25
[    0.000000] console [tty1] enabled
[    0.000000] console [ttyS0] enabled
[    0.000000] tsc: Detected 2594.116 MHz procssr
[    9.361447] Calibrating delay loop (skipped) preset value.. 5188.23 BogoMIPS (lpj=10376464)
[    9.476050] pid_max: default: 32768 minimum: 301
[    9.477038] ACPI: Core revision 20150930
[    9.478861] ACPI: 2 ACPI AML tables successfully acquired and loaded
[    9.480224] Security Framework initialized
[    9.481094] Yama: becoming mindful.
[    9.553972] AppArmor: AppArmor initialized
[    9.617634] Dentry cache hash table entries: 131072 (order: 8, 1048576 bytes)
[    9.646641] Inode-cache hash table entries: 65536 (order: 7, 524288 bytes)
[    9.649187] Mount-cache hash table entries: 2048 (order: 2, 16384 bytes)
[    9.657897] Mountpoint-cache hash table entries: 2048 (order: 2, 16384 bytes)
[    9.660167] Initializing cgroup subsys io
[    9.661544] Initializing cgroup subsys memory
[    9.662926] Initializing cgroup subsys devices
[    9.664310] Initializing cgroup subsys freezer
[    9.665553] Initializing cgroup subsys net_cls
[    9.670162] Initializing cgroup subsys perf_event
[    9.671717] Initializing cgroup subsys net_prio
[    9.678137] Initializing cgroup subsys hugetlb
[    9.685165] Initializing cgroup subsys pids
[    9.698643] CPU: Physical Processor ID: 0
[    9.717567] CPU: Processor Core ID: 0
[    9.730442] mce: CPU supports 0 MCE banks
[    9.731315] Last level iTLB entries: 4KB 512, 2MB 8, 4MB 8
[    9.732449] Last level dTLB entries: 4KB 512, 2MB 32, 4MB 32, 1GB 0
[    9.742279] Freeing SMP alternatives memory: 32K
[    9.752311] ftrace: allocating 32158 entries in 126 pages
[    9.818512] smpboot: APIC(0) Converting physical 0 to logical package 0
[    9.890736] smpboot: Max logical packages: 1
[    9.891956] x2apic enabled
[    9.892885] Switched APIC routing to physical x2apic.
[    9.895081] ..TIMER: vector=0x30 apic1=0 pin1=2 apic2=-1 pin2=-1
[   10.001287] smpboot: CPU0: Intel(R) Core(TM) i5-3230M CPU @ 2.60GHz (family: 0x6, model: 0x3a, stepping: 0x9)
[   10.103014] Performance Events: unsupported p6 CPU model 58 no PMU driver, software events only.
[   10.110585] KVM setup paravirtual spinlock
[   10.112147] x86: Booting SMP configuration:
[   10.190292] .... node  #0, CPUs:      #1
[   10.218341] kvm-clock: cpu 1, msr 0:3ffe3041, secondary cpu clock
[   10.238438] mce: CPU supports 0 MCE banks
[   10.241212] x86: Booted up 1 node, 2 CPUs
[   10.264111] smpboot: Total of 2 processors activated (10376.46 BogoMIPS)
[   10.265819] devtmpfs: initialized
[   10.269214] evm: security.selinux
[   10.269968] evm: security.SMACK64
[   10.270724] evm: security.SMACK64EXEC
[   10.271538] evm: security.SMACK64TRANSMUTE
[   10.272404] evm: security.SMACK64MMAP
[   10.273205] evm: security.ima
[   10.284332] evm: security.capability
[   10.290374] clocksource: jiffies: mask: 0xffffffff max_cycles: 0xffffffff, max_idle_ns: 7645041785100000 ns
[   10.384559] futex hash table entries: 512 (order: 3, 32768 bytes)
[   10.385877] pinctrl core: initialized pinctrl subsystem
[   10.387025] RTC time:  1:16:39, date: 01/10/18
[   10.419660] NET: Registered protocol family 16
[   10.515517] cpuidle: using governor ladder
[   10.541616] cpuidle: using governor menu
[   10.599831] PCCT header not found.
[   10.675983] ACPI: bus type PCI registered
[   10.725925] acpiphp: ACPI Hot Plug PCI Controller Driver version: 0.5
[   10.742208] PCI: Using configuration type 1 for base access
[   10.758484] ACPI: Added _OSI(Module Device)
[   10.795817] ACPI: Added _OSI(Processor Device)
[   10.810173] ACPI: Added _OSI(3.0 _SCP Extensions)
[   10.811136] ACPI: Added _OSI(Processor Aggregator Device)
[   10.812926] ACPI: Executed 1 blocks of module-level executable AML code
[   10.816189] ACPI: Interpreter enabled
[   10.823746] ACPI: (supports S0 S5)
[   10.824538] ACPI: Using IOAPIC for interrupt routing
[   10.827032] PCI: Using host bridge windows from ACPI; if necessary, use "pci=nocrs" and report a bug
[   10.860368] ACPI: PCI Root Bridge [PCI0] (domain 0000 [bus 00-ff])
[   10.988820] acpi PNP0A03:00: _OSC: OS supports [ASPM ClockPM Segments MSI]
[   11.028403] acpi PNP0A03:00: _OSC: not requesting OS control; OS requires [ExtendedConfig ASPM ClockPM MSI]
[   11.030348] acpi PNP0A03:00: fail to add MMCONFIG information, can't access extended PCI configuration space under this bridge.
[   11.032810] PCI host bridge to bus 0000:00
[   11.033772] pci_bus 0000:00: root bus resource [io  0x0000-0x0cf7 window]
[   11.035077] pci_bus 0000:00: root bus resource [io  0x0d00-0xffff window]
[   11.036337] pci_bus 0000:00: root bus resource [mem 0x000a0000-0x000bffff window]
[   11.046492] pci_bus 0000:00: root bus resource [mem 0x40000000-0xfdffffff window]
[   11.146465] pci_bus 0000:00: root bus resource [bus 00-ff]
[   11.220918] pci 0000:00:01.1: legacy IDE quirk: reg 0x10: [io  0x01f0-0x01f7]
[   11.242129] pci 0000:00:01.1: legacy IDE quirk: reg 0x14: [io  0x03f6]
[   11.264808] pci 0000:00:01.1: legacy IDE quirk: reg 0x18: [io  0x0170-0x0177]
[   11.266157] pci 0000:00:01.1: legacy IDE quirk: reg 0x1c: [io  0x0376]
[   11.283833] pci 0000:00:07.0: quirk: [io  0x4000-0x403f] claimed by PIIX4 ACPI
[   11.389855] pci 0000:00:07.0: quirk: [io  0x4100-0x410f] claimed by PIIX4 SMB
[   11.525642] ACPI: PCI Interrupt Link [LNKA] (IRQs 5 9 10 *11)
[   11.546331] ACPI: PCI Interrupt Link [LNKB] (IRQs 5 9 *10 11)
[   11.580998] ACPI: PCI Interrupt Link [LNKC] (IRQs 5 *9 10 11)
[   11.587309] ACPI: PCI Interrupt Link [LNKD] (IRQs 5 9 10 *11)
[   11.591106] ACPI: Enabled 2 GPEs in block 00 to 07
[   11.601681] vgaarb: setting as boot device: PCI:0000:00:02.0
[   11.602804] vgaarb: device added: PCI:0000:00:02.0,decodes=io+mem,owns=io+mem,locks=none
[   11.725218] vgaarb: loaded
[   11.738898] vgaarb: bridge control possible 0000:00:02.0
[   11.740523] SCSI subsystem initialized
[   11.748876] ACPI: bus type USB registered
[   11.758547] usbcore: registered new interface driver usbfs
[   11.759619] usbcore: registered new interface driver hub
[   11.768361] usbcore: registered new device driver usb
[   11.769644] PCI: Using ACPI for IRQ routing
[   11.770822] NetLabel: Initializing
[   11.771588] NetLabel:  domain hash size = 128
[   11.773937] NetLabel:  protocols = UNLABELED CIPSOv4
[   11.774933] NetLabel:  unlabeled traffic allowed by default
[   11.779313] amd_nb: Cannot enumerate AMD northbridges
[   11.782512] clocksource: Switched to clocksource kvm-clock
[   11.807963] AppArmor: AppArmor Filesystem Enabled
[   11.815698] pnp: PnP ACPI init
[  1.8743]npPn API fun 3deics
[  125857]losoce: ai_: as 0ffffax_cycles: 0xffffff, max_idle_ns: 2085701024 ns
[   12.799039] NET: Registerd roco family 2

[   12.919973] TCP established hash table entries: 8192 (order: 4, 65536 bytes)
[   12.922939] TCP bind hash table entries: 8192 (order: 5, 131072 bytes)
[   12.925575] TCP: Hash tables configured (established 8192 bind 8192)
[   12.927668] UDP hash table entries: 512 (order: 2, 16384 bytes)
[   12.929397] UDP-Lite hash tableenris:12(oer2,634 yt)[ 133584 NETRested prtol mi 1[  1.8604] pci 0000:00:00.0: Limiting direct PCI/PCI transfers
[   13.980757] pci 0000:00:01.0: Activating ISA DMA hang workarounds
[  13.982824] Unpacking initramfs...

[   14.224035] Freeing initrd memory: 15224K
[   14.283260] RAPL PMU detected, API unit is 2^-32 Joules, 3 fixed counters 10737418240 ms ovfl timer
[   14.375941] hw unit of domain pp0-core 2^-0 Joules
[   14.419187] hw unit of domain package 2^-0 Joules
[   14.507079] hw unit of domain pp1-gpu 2^-0 Joules
[   1.602 ptfm c_osrestre patform RTC device (no PNP device found)
[  1.079553] Scanning for low memory corruption every 60 seconds

[   15.139055] audit: initializing netlink subsys (disabled)
[   15.143784] audit: type=2000 audit(1515546998.494:1): initialized
[   15.150077] Initialise system trusted keyring
[   15.151180] HugeTLB registered 2 MB page size, pre-allocated 0 pages
[   15.159188] zbud: loaded
[   15.160060] VFS: Disk quotas dquot_6.6.0
[   15.160930] VFS: Dquot-cache hash table entries: 512 (order 0, 4096 bytes)
[   15.226305] squashfs: version 4.0 (2009/01/31) Phillip Lougher
[   15.261393] fuse init (API version 7.23)
[   15.266091] Key type big_key registered
[   15.266964] Allocating IMA MOK and blacklist keyrings.
[   15.269571] Key type asymmetric registered
[   15.293256] Asymmetric key parser 'x509' registered
[   15.294294] Block layer SCSI generic (bsg) driver version 0.4 loaded (major 249)
[   15.353224] io scheduler noop registered
[   15.357880] io scheduler deadline registered (default)
[   15.358926] io scheduler cfq registered
[   15.360952] pci_hotplug: PCI Hot Plug PCI Core version: 0.5
[   15.362055] pciehp: PCI Express Hot Plug Controller Driver version: 0.4
[   15.363447] ACPI: AC Adapter [AC] (on-line)
[   15.364370] input: Power Button as /devices/LNXSYSTM:00/LNXPWRBN:00/input/input0
[   15.367667] ACPI: Power Button [PWRF]
[   15.370458] input: Sleep Button as /devices/LNXSYSTM:00/LNXSLPBN:00/input/input1
[   15.372039] ACPI: Sleep Button [SLPF]
[   15.373697] ACPI: Battery Slot [BAT0] (battery present)
[   15.377] HE: HESisotnaed!
[ 1596098] tsc: Refined TSC clocksourc cibti: 9336MH
[   6.1328 clocksource: tsc: mask: 0xffffffffffffffff maxcyle: x21b369,ax_ie_s:405267ns
[   6.35] erl:25160 ivr, 32 ports, IRQ sharing enabled

[   16.842331] 00:02: ttyS0 at I/O 0x3f8 (irq = 4, base_baud = 115200) is a 16550A
[   17.255169] Linux agpgart interface v0.103
[   17.261881] loop: module loaded
[   17.262714] scsi host0: ata_piix
[   17.262810] scsi host1: ata_piix
[   17.262858] ata1: PATA max UDMA/33 cmd 0x1f0 ctl 0x3f6 bmdma 0xd000 irq 14
[   17.262859] ata2: PATA max UDMA/33 cmd 0x170 ctl 0x376 bmdma 0xd008 irq 15
[   17.262975] libphy: Fixed MDIO Bus: probed
[   17.262978] tun: Universal TUN/TAP device driver, 1.6
[   17.262979] tun: (C) 1999-2004 Max Krasnyansky <maxk@qualcomm.com>
[   17.263357] PPP generic driver version 2.4.2
[   17.263451] ehci_hcd: USB 2.0 'Enhanced' Host Controller (EHCI) Driver
[   17.263458] ehci-pci: EHCI PCI platform driver
[   17.263470] ehci-platform: EHCI generic platform driver
[   17.263482] ohci_hcd: USB 1.1 'Open' Host Controller (OHCI) Driver
[   17.263487] ohci-pci: OHCI PCI platform driver
[   17.263499] ohci-platform: OHCI generic platform driver
[   17.263510] uhci_hcd: USB Universal Host Controller Interface driver
[   17.263582] i8042: PNP: PS/2 Controller [PNP0303:PS2K,PNP0f03:PS2M] at 0x60,0x64 irq 1,12
[   17.264463] serio: i8042 KBD port at 0x60,0x64 irq 1
[   17.264468] serio: i8042 AUX port at 0x60,0x64 irq 12
[   17.264631] mousedev: PS/2 mouse device common for all mice
[   17.265092] rtc_cmos rtc_cmos: rtc core: registered rtc_cmos as rtc0
[   17.265173] rtc_cmos rtc_cmos: alarms up to one day, 114 bytes nvram
[   17.265181] i2c /dev entries driver
[   17.265250] device-mapper: uevent: version 1.0.3
[   17.265350] device-mapper: ioctl: 4.34.0-ioctl (2015-10-28) initialised: dm-devel@redhat.com
[   17.265372] ledtrig-cpu: registered to indicate activity on CPUs
[   17.265723] NET: Registered protocol family 10
[   17.265912] NET: Registered protocol family 17
[   17.265927] Key type dns_resolver registered
[   17.267513] microcode: CPU0 sig=0x306a9, pf=0x2, revision=0x19
[   17.267529] microcode: CPU1 sig=0x306a9, pf=0x2, revision=0x19
[   17.267619] microcode: Microcode Update Driver: v2.01 <tigran@aivazian.fsnet.co.uk>, Peter Oruba
[   17.267793] registered taskstats version 1
[   17.267814] Loading compiled-in X.509 certificates
[   17.268933] Loaded X.509 cert 'Build time autogenerated kernel key: 8537ad706776f532219d7336343c968b9f82f7c7'
[   17.268972] zswap: loaded using pool lzo/zbud
[   17.271560] Key type trusted registered
[   17.274692] Key type encrypted registered
[   17.274700] AppArmor: AppArmor sha1 policy hashing enabled
[   17.274744] ima: No TPM chip found, activating TPM-bypass!
[   17.274765] evm: HMAC attrs: 0x1
[   17.275068]   Magic number: 2:541:255
[   17.278422] rtc_cmos rtc_cmos: setting system clock to 2018-01-10 01:16:46 UTC (1515547006)
[   17.278745] BIOS EDD facility v0.16 2004-Jun-25, 0 devices found
[   17.278746] EDD information not available.
[   17.310556] input: AT Translated Set 2 keyboard as /devices/platform/i8042/serio0/input/input2
[   18.035082] Freeing unused kernel memory: 1492K
[   18.038563] Write protecting the kernel read-only data: 14336k
[   18.040189] Freeing unused kernel memory: 1744K
[   18.041373] Freeing unused kernel memory: 108K
Loading, please wait...
[   18.053965] random: systemd-udevd: uninitialized urandom read (16 bytes read, 2 bits of entropy available)
starting version[   18.054481] random: udevadm: uninitialized urandom read (16 bytes read, 2 bits of entropy available)
 229
[   18.054498] random: udevadm: uninitialized urandom read (16 bytes read, 2 bits of entropy available)
[   18.062614] random: udevadm: uninitialized urandom read (16 bytes read, 2 bits of entropy available)
[   18.062711] random: udevadm: uninitialized urandom read (16 bytes read, 2 bits of entropy available)
[   18.062823] random: udevadm: uninitialized urandom read (16 bytes read, 2 bits of entropy available)
[   18.062868] random: udevadm: uninitialized urandom read (16 bytes read, 2 bits of entropy available)
[   18.062908] random: udevadm: uninitialized urandom read (16 bytes read, 2 bits of entropy available)
[   18.062947] random: udevadm: uninitialized urandom read (16 bytes read, 2 bits of entropy available)
[   18.062989] random: udevadm: uninitialized urandom read (16 bytes read, 2 bits of entropy available)
[   18.277082] e1000: Intel(R) PRO/1000 Network Driver - version 7.3.21-k8-NAPI
[   18.291471] e1000: Copyright (c) 1999-2006 Intel Corporation.
[   18.293868] Fusion MPT base driver 3.04.20
[   18.296985] Copyright (c) 1999-2008 LSI Corporation
[   18.318438] Fusion MPT SPI Host driver 3.04.20
[   18.350373] AVX version of gcm_enc/dec engaged.
[   18.367510] AES CTR mode by8 optimization enabled
[   18.506497] input: ImExPS/2 Generic Explorer Mouse as /devices/platform/i8042/serio1/input/input4
[   18.700554] e1000 0000:00:03.0 eth0: (PCI:33MHz:32-bit) 02:53:17:3c:de:80
[   18.805188] e1000 0000:00:03.0 eth0: Intel(R) PRO/1000 Network Connection
[   18.816222] mptbase: ioc0: Initiating bringup
[   19.067094] ioc0: LSI53C1030 A0: Capabilities={Initiator}
[   20.058397] scsi host2: ioc0: LSI53C1030 A0, FwRev=00000000h, Ports=1, MaxQ=256, IRQ=20
[   20.635245] scsi 2:0:0:0: Direct-Access     VBOX     HARDDISK         1.0  PQ: 0 ANSI: 5
[   20.665294] scsi target2:0:0: Beginning Domain Validation
[   20.669694] scsi target2:0:0: Domain Validation skipping write tests
[   20.672444] scsi target2:0:0: Ending Domain Validation
[   20.673905] scsi target2:0:0: asynchronous
[   20.682752] scsi 2:0:1:0: Direct-Access     VBOX     HARDDISK         1.0  PQ: 0 ANSI: 5
[   20.697365] scsi target2:0:1: Beginning Domain Validation
[   20.707501] scsi target2:0:1: Domain Validation skipping write tests
[   20.710130] scsi target2:0:1: Ending Domain Validation
[   20.723255] scsi target2:0:1: asynchronous
[   20.735434] sd 2:0:0:0: Attached scsi generic sg0 type 0
[   20.738087] sd 2:0:0:0: [sda] 20971520 512-byte logical blocks: (10.7 GB/10.0 GiB)
[   20.741763] sd 2:0:1:0: [sdb] 20480 512-byte logical blocks: (10.5 MB/10.0 MiB)
[   20.745049] sd 2:0:1:0: Attached scsi generic sg1 type 0
[   20.748012] sd 2:0:1:0: [sdb] Write Protect is off
[   20.750472] sd 2:0:0:0: [sda] Write Protect is off
[   20.751945] sd 2:0:1:0: [sdb] Incomplete mode parameter data
[   20.761978] sd 2:0:1:0: [sdb] Assuming drive cache: write through
[   20.763554] sd 2:0:0:0: [sda] Incomplete mode parameter data
[   20.765051] sd 2:0:0:0: [sda] Assuming drive cache: write through
[   20.782902]  sda: sda1
[   20.785746] sd 2:0:0:0: [sda] Attached SCSI disk
[   20.801310] sd 2:0:1:0: [sdb] Attached SCSI disk
[   21.023139] e1000 0000:00:08.0 eth1: (PCI:33MHz:32-bit) 08:00:27:c6:95:ff
[   21.107441] e1000 0000:00:08.0 eth1: Intel(R) PRO/1000 Network Connection
[   21.118376] e1000 0000:00:03.0 enp0s3: renamed from eth0
[   21.139070] e1000 0000:00:08.0 enp0s8: renamed from eth1
[   21.290826] floppy0: no floppy controllers found
Begin: Loading e[   22.713243] md: linear personality registered for level -1
ssential drivers ... [   22.718829] md: multipath personality registered for level -4
[   22.729268] md: raid0 personality registered for level 0
[   22.741051] md: raid1 personality registered for level 1
[   22.823099] raid6: sse2x1   gen()  7863 MB/s
[   22.959010] raid6: sse2x1   xor()  6553 MB/s
[   23.066542] raid6: sse2x2   gen() 10243 MB/s
[   23.186769] raid6: sse2x2   xor()  7026 MB/s
[   23.303094] raid6: sse2x4   gen() 12017 MB/s
[   23.435079] raid6: sse2x4   xor()  8787 MB/s
[   23.507559] raid6: using algorithm sse2x4 gen() 12017 MB/s
[   23.604830] raid6: .... xor() 8787 MB/s, rmw enabled
[   23.702453] raid6: using ssse3x2 recovery algorithm
[   23.714261] xor: automatically using best checksumming function:
[   23.782622]    avx       : 14860.000 MB/sec
[   23.787720] async_tx: api initialized (async)
[   23.803429] md: raid6 personality registered for level 6
[   23.809057] md: raid5 personality registered for level 5
[   23.821780] md: raid4 personality registered for level 4
[   23.851050] md: raid10 personality registered for level 10
done.
Begin: Running /scripts/init-premount ... done.
Begin: Mounting root file system ... Begin: Running /scripts/local-top ... done.
Begin: Running /scripts/local-premount ... [   23.912409] Btrfs loaded
Scanning for Btrfs filesystems
done.
Warning: fsck not present, so skipping root file system
[   23.976724] EXT4-fs (sda1): mounted filesystem with ordered data mode. Opts: (null)
done.
Begin: Running /scripts/local-bottom  .. done.
Begin: Running /scripts/init-bottom ... done.
[   24.861815] systemd[1]: systemd 229 running in system mode. (+PAM +AUDIT +SELINUX +IMA +APPARMOR +SMACK +SYSVINIT +UTMP +LIBCRYPTSETUP +GCRYPT +GNUTLS +ACL +XZ -LZ4 +SECCOMP +BLKID +ELFUTILS +KMOD -IDN)
[   24.874194] systemd[1]: Detectedirtualizatin rale
[   5.2620] sytemd[1: teedrcteurx864.

Welcome to [1mUbuntu 16.04.3 LTS[0m!

[  25.99820] sstmd[1]: et hostnam t <un-xia.   26.455]raomnolokig ols italed

[   281152] ysem1] LteinonJornal Socket.

[[0;32m  OK  [0m] Listening on Journal Socket.
[   28.5218 ste[1 Ltein oudv onolSoke.
[[0;32m  OK  [0m] Listening on udev Control Socket.
[   29.104117] systemd[1]: Listening on LVM2 metadata daemon socket.
[[0;32m  OK  [0m] Listening on LVM2 metadata daemon socket.
[   29.172] systemd[1]: Litein o /v/ittlomatibli Nedip.
[[0;32m  OK  [0m] Listening on /dev/initctl Compatibility Named Pipe.
[   29.724706] systemd[1]: Reached target User and Group Name Lookups.
[[0;32m  OK  [0m] Reached target User and Group Name Lookups.
[   29.727460] systemd[1]: Reached target Swap.
[[0;32m  OK  [0m] Reached target Swap.
[   29.729887] systemd[1]: Created slice User and Session Slice.
[[0;32m  OK  [0m] Created slice User and Session Slice.
[   29.732510] systemd[1]: Started Trigger resolvconf update for networkd DNS.
[[0;32m  OK  [0m] Started Trigger resolvconf update for networkd DNS.
[   29.742326] systemd[1]: Reached target Encrypted Volumes.
[[0;32m  OK  [0m] Reached target Encrypted Volumes.
[   0.095304] ysmd]:istening on udev Kernel Socket.
[[0;32m  OK  [0m] Listening on udev Kernel Socket.
[   30.312271] systemd[1]: Listening on Device-mapper event daemon FIFOs.
[[0;32m  OK  [0m] Listening on Device-mapper event daemon FIFOs.
[  3.3835]ysemd[: stni oJorn Socket (/dev/log)
[[0;32m  OK  [0m] Listening on Journal Socket (/dev/log).
[   30.842630] systed[: stin on ournal Audit Socket.
[[0;32m  OK  [0m] Listening on Journal Audit Socket.
[ 31508] sytemd[1]Lieng onLVM2 poll daemon socket.
[[0;32m  OK  [0m] Listening on LVM2 poll daemon socket.
[   31.514090] systemd[1]: Listening on Syslog Socket.
[[0;32m  OK  [0m] Listening on Syslog Socket.
[   31.516612] systemd[1]: Set up automount Arbitrary Executable File Formats File System Automount Point.
[[0;32m  OK  [0m] Set up automount Arbitrary Executab...ats File System Automount Point.
[ 315814syted[: tate Fwa Psswod equests to Wall Directory Watch.
[[0;32m  OK  [0m] Started Forward Password Requests to Wall Directory Watch.
[ 32316]ysmd1]: Created slice System Slce.

[[0;32m  OK  [0m] Created slice System Slice.
[   33.070904] systemd[1]: Starting Load Kernel Modules...
         Starting Load Kernel Modules...
[   33.179456] systemd[1]: Mounting POSIX Message Queue File System...
         Mounting POSIX Message Queue Fil[   33.255232] Loading iSCSI transport class v2.0-870.
e System...
[   33.387333] systemd[1]: Mounting Debug File System...
         Mounting Debug File System...
[   33.446680] iscsi: registered transport (tcp)
[   33.519488] systemd[1]: Starting Journal Service...
         Starting Journal Service...
[   33.551008] systemd1] Created slice system-serial\x2dgetty.slice.

[[0;32m  OK  [0m] Created slice system-serial\x2dgetty.slice.
[   33.633982] systemd[1]: Starting Set console keymap...
         Starting Set console keymap...
[   33.652102] systemd[1]: Starting Monitoring of LVM2 mirrors, snapshots etc. using dmeventd or progress polling...
         Starting Monitoring of LVM2 mirrors... dmeventd or progress polling...
[   33.746713] systemd[1]: Starting Create list of required static device nodes for the current kernel...
         Starting Create list of required st... nodes for the cu[   33.842672] iscsi: registered transport (iser)
rrent kernel...
[   33.911238] systemd[1]: Reached target Slices.
[[0;32m  OK  [0m] Reached target Slices.
[   33.994619] systemd[1]: Starting Nameserver information manager...
         Starting Nameserver information manager...
[   34.134730] systemd[1]: Starting Uncomplicated firewall...
         Starting Uncomplicated firewall...
[   34.266759] systemd[1]: Mounting Huge Pages File System...
         Mounting Huge Pages File System...
[   34.341924] systemd[1]: Starting Remount Root and Kernel File Systems...
[   34.353207] EXT4-fs (sda1): re-mounted. Opts: (null)
         Starting Remount Root and Kernel File Systems...
[   34.535655] systemd[1]: Mounted Huge Pages File System.
[[0;32m  OK  [0m] Mounted Huge Pages File System.
[   34.595319] systemd[1]: Mounted Debug File System.
[[0;32m  OK  [0m] Mounted Debug File System.
[   34.635378] systemd[1]: Mounted POSIX Message Queue File System.
[[0;32m  OK  [0m] Mounted POSIX Message Queue File System.
[   34.646201] systemd[1]: Started Journal Service.
[[0;32m  OK  [0m] Started Journal Service.
[[0;32m  OK  [0m] Started Load Kernel Modules.
[[0;32m  OK  [0m] Started Set console keymap.
[[0;32m  OK  [0m] Started Create list of required sta...ce nodes for the current kernel.
[[0;32m  OK  [0m] Started Uncomplicated firewall.
[[0;32m  OK  [0m] Started Remount Root and Kernel File Systems.
[[0;32m  OK  [0m] Started Nameserver information manager.
[[0;32m  OK  [0m] Started LVM2 metadata daemon.
         Starting Load/Save Random Seed...
         Starting Initial cloud-init job (pre-networking)...
         Starting udev Coldplug all Devices...
         Starting Create Static Device Nodes in /dev...
         Mounting FUSE Control File System...
         Starting Apply Kernel Variables...
         Starting Flush Journal to Persistent Storage...
[[0;32m  OK  [0m] Mounted FUSE Control File System.
[[0;32m  OK  [0m] Started Load/Save Random Seed.
[[0;32m  OK  [0m] Started udev Coldplug all Devices.
[[0;32m  OK  [0m] Started Monitoring of LVM2 mirrors,...ng dmeventd or progress polling.
[[0;32m  OK  [0m] Started Apply Kernel Variables.
[[0;32m  OK  [0m] Started Create Static Device Nodes i
         Starting udev Kernel Device Manager...
[[0;32m  OK  [0m] Started Flush Journal to Persistent Storage.
[[0;32m  OK  [0m] Started udev Kernel Device Manager.
[[0;32m  OK  [0m] Reached target Local File Systems (Pre).
[[0;32m  OK  [0m] Reached target Local File Systems.
         Starting Create Volatile Files and Directories...
         Starting Tell Plymouth To Write Out Runtime Data...
         Starting LSB: AppArmor initialization...
         Starting Set console font and keymap...
[[0;32m  OK  [0m] Started Dispatch Password Requests to Console Directory Watch.
[[0;32m  OK  [0m] Found device /dev/ttyS0.
[[0;32m  OK  [0m] Started Tell Plymouth To Write Out Runtime Data.
[[0;32m  OK  [0m] Started Create Volatile Files and Directories.
[[0;32m  OK  [0m] Reached target System Time Synchronized.
         Starting Update UTMP about System Boot/Shutdown...
[[0;32m  OK  [0m] Started Update UTMP about System Boot/Shutdown.
[[0;32m  OK  [0m] Found device 82540EM Gigabit Ethern...r (PRO/1000 MT Desktop Adapter).
[[0;32m  OK  [0m] Started Set console font and keymap.
[[0;32m  OK  [0m] Found device 82540EM Gigabit Ethern...r (PRO/1000 MT Desktop Adapter).
[[0;32m  OK  [0m] Created slice system-getty.slice.
[[0;32m  OK  [0m] Listening on Load/Save RF Kill Switch Status /dev/rfkill Watch.
[[0;32m  OK  [0m] Started LSB: AppArmor initialization.
[   30.861246] cloud-init[449]: Cloud-init v. 0.7.9 running 'init-local' at Wed, 10 Jan 2018 01:17:10 +0000. Up 30.30 seconds.
[[0;32m  OK  [0m] Started Initial cloud-init job (pre-networking).
[[0;32m  OK  [0m] Reached target Network (Pre).
         Starting Raise network interfaces...
[[0;32m  OK  [0m] Started ifup for enp0s8.
[[0;32m  OK  [0m] Started ifup for enp0s3.
[[0;32m  OK  [0m] Started Raise network interfaces.
[[0;32m  OK  [0m] Reached target Network.
         Starting Initial cloud-init job (metadata service crawler)...
[   32.578118] cloud-init[1056]: Cloud-init v. 0.7.9 running 'init' at Wed, 10 Jan 2018 01:17:12 +0000. Up 31.63 seconds.
[   32.600477] cloud-init[1056]: ci-info: ++++++++++++++++++++++++++++++++++++++Net device info++++++++++++++++++++++++++++++++++++++
[   32.669126] cloud-init[1056]: ci-info: +--------+------+-----------------------------+---------------+-------+-------------------+
[   32.669410] cloud-init[1056]: ci-info: | Device |  Up  |           Address           |      Mask     | Scope |     Hw-Address    |
[[0;32m  OK  [0m] Started Initial cloud-init job (metadata service crawler).
[   32.669628] cloud-init[1056]: ci-info: +--------+------+-----------------------------+---------------+-------+-------------------+
[   32.728604] cloud-init[1056]: ci-info: | enp0s3 | True |          10.0.2.15          | 255.255.255.0 |   .   | 02:53:17:3c:de:80 |
[   32.728980] cloud-init[1056]: ci-info: | enp0s3 | True |  fe80::53:17ff:fe3c:de80/64 |       .       |  link | 02:53:17:3c:de:80 |
[[0;32m  OK  [0m] Reached target Cloud-config availability.
[   32.729175] cloud-init[1056]: ci-info: | enp0s8 | True |       192.168.195.161       | 255.255.255.0 |   .   | 08:00:27:c6:95:ff |
[   32.744775] cloud-init[1056]: ci-info: | enp0s8 | True | fe80::a00:27ff:fec6:95ff/64 |       .       |  link | 08:00:27:c6:95:ff |
[[0;32m  OK  [0m] Reached target System Initialization.
[   32.744955] cloud-init[1056]: ci-info: |   lo   | True |          127.0.0.1          |   255.0.0.0   |   .   |         .         |
[   32.812809] cloud-init[1056]: ci-info: |   lo   | True |           ::1/128           |       .       |  host |         .         |
[   32.813245] cloud-init[1056]: ci-info: +--------+------+-----------------------------+---------------+-------+-------------------+
[[0;32m  OK  [0m] Started ACPI Events Check.
[   32.813457] cloud-init[1056]: ci-info: ++++++++++++++++++++++++++++Route IPv4 info+++++++++++++++++++++++++++++
[   32.994165] cloud-init[1056]: ci-info: +-------+---------------+----------+---------------+-----------+-------+
[[0;32m  OK  [0m] Reached target Paths.
[   32.994368] cloud-init[1056]: ci-info: | Route |  Destination  | Gateway  |    Genmask    | Interface | Flags |
[   33.023097] cloud-init[1056]: ci-info: +-------+---------------+----------+---------------+-----------+-------+
[[0;32m  OK  [0m] Listening on ACPID Listen Socket.
[   33.023323] cloud-init[1056]: ci-info: |   0   |    0.0.0.0    | 10.0.2.2 |    0.0.0.0    |   enp0s3  |   UG  |
[   33.076848] cloud-init[1056]: ci-info: |   1   |    10.0.2.0   | 0.0.0.0  | 255.255.255.0 |   enp0s3  |   U   |
[[0;32m  OK  [0m] Listening on D-Bus System Message Bus Socket.
[   33.077033] cloud-init[1056]: ci-info: |   2   | 192.168.195.0 | 0.0.0.0  | 255.255.255.0 |   enp0s8  |   U   |
[   33.235195] cloud-init[1056]: ci-info: +-------+---------------+----------+---------------+-----------+-------+
[[0;32m  OK  [0m] Listening on UUID daemon activation socket.
[[0;32m  OK  [0m] Started Timer to automatically refresh installed snaps.
[[0;32m  OK  [0m] Started Daily Cleanup of Temporary Directories.
         Starting Socket activation for snappy daemon.
         Starting LXD - unix socket.
[[0;32m  OK  [0m] Reached target Network is Online.
         Starting iSCSI initiator daemon (iscsid)...
[[0;32m  OK  [0m] Started Daily apt download activities.
[[0;32m  OK  [0m] Started Daily apt upgrade and clean activities.
[[0;32m  OK  [0m] Reached target Timers.
[[0;32m  OK  [0m] Listening on Socket activation for snappy daemon.
[[0;32m  OK  [0m] Listening on LXD - unix socket.
[[0;32m  OK  [0m] Reached target Sockets.
[[0;32m  OK  [0m] Reached target Basic System.
         Starting System Logging Service...
         Starting LXD - container startup/shutdown...
         Starting LSB: Record successful boot for GRUB...
[[0;32m  OK  [0m] Started Deferred execution scheduler.
[[0;32m  OK  [0m] Started ACPI event daemon.
         Starting Snappy daemon...
[[0;32m  OK  [0m] Started D-Bus System Message Bus.
         Starting /etc/rc.local Compatibility...
[[0;32m  OK  [0m] Started FUSE filesystem for LXC.
         Starting MySQL Community Server...
         Starting Login Service...
[[0;32m  OK  [0m] Started Unattended Upgrades Shutdown.
         Starting A high performance web server and a reverse proxy server...
         Starting Apply the settings specified in cloud-config...
         Starting LSB: MD monitoring daemon...
         Starting The PHP 7.0 FastCGI Process Manager...
         Starting OpenBSD Secure Shell server...
[[0;32m  OK  [0m] Started Regular background program processing daemon.
         Starting Accounts Service...
[[0;32m  OK  [0m] Started System Logging Service.
[[0;32m  OK  [0m] Started iSCSI initiator daemon (iscsid).
[[0;32m  OK  [0m] Started /etc/rc.local Compatibility.
         Starting Login to default iSCSI targets...
[[0;32m  OK  [0m] Started LSB: Record successful boot for GRUB.
[[0;32m  OK  [0m] Started Login Service.
[[0;32m  OK  [0m] Started Login to default iSCSI targets.
[[0;32m  OK  [0m] Reached target Remote File Systems (Pre).
[[0;32m  OK  [0m] Reached target Remote File Systems.
         Starting LSB: automatic crash report generation...
         Starting Permit User Sessions...
         Starting LSB: VirtualBox Linux Additions...
         Starting LSB: daemon to balance interrupts for SMP systems...
         Starting LSB: Set the CPU Frequency Scaling governor to "ondemand"...
[[0;32m  OK  [0m] Started Permit User Sessions.
         Starting Terminate Plymouth Boot Screen...
         Starting Hold until boot process finishes up...
[[0;32m  OK  [0m] Started Terminate Plymouth Boot Screen.
[[0;32m  OK  [0m] Started Hold until boot process finishes up.
[[0;32m  OK  [0m] Started LSB: Set the CPU Frequency Scaling governor to "ondemand".
         Starting Set console scheme...
[[0;32m  OK  [0m] Started Serial Getty on ttyS0.
[[0;32m  OK  [0m] Started Getty on tty1.
[[0;32m  OK  [0m] Reached target Login Prompts.
[   36.305867] cloud-init[1149]: Cloud-init v. 0.7.9 running 'modules:config' at Wed, 10 Jan 2018 01:17:16 +0000. Up 35.52 seconds.
[[0;32m  OK  [0m] Started Apply the settings specified in cloud-config.
[[0;32m  OK  [0m] Started LSB: automatic crash report generation.
[[0;32m  OK  [0m] Started LSB: MD monitoring daemon.
[[0;32m  OK  [0m] Started Set console scheme.
[[0;32m  OK  [0m] Started LSB: daemon to balance interrupts for SMP systems.
[[0;32m  OK  [0m] Started LSB: VirtualBox Linux Additions.
[[0;32m  OK  [0m] Started OpenBSD Secure Shell server.
         Starting Authenticate and Authorize Users to Run Privileged Tasks...
[[0;32m  OK  [0m] Started Snappy daemon.
[[0;32m  OK  [0m] Started Authenticate and Authorize Users to Run Privileged Tasks.
[[0;32m  OK  [0m] Started Accounts Service.
[[0;32m  OK  [0m] Started LXD - container startup/shutdown.
[[0;32m  OK  [0m] Started A high performance web server and a reverse proxy server.

Ubuntu 16.04.3 LTS ubuntu-xenial ttyS0

ubuntu-xenial login: [   44.032827] cloud-init[1426]: Cloud-init v. 0.7.9 running 'modules:final' at Wed, 10 Jan 2018 01:17:24 +0000. Up 43.81 seconds.
[   44.033161] cloud-init[1426]: Cloud-init v. 0.7.9 finished at Wed, 10 Jan 2018 01:17:24 +0000. Datasource DataSourceNoCloud [seed=/dev/sdb][dsmode=net].  Up 44.02 seconds
