[    0.00000]Inialinggroususys ust
  0.0000 Iitiazi cgrou ssys u[   .0000]niialingcgro sbsyspucct[   0.000] Lnuxvesio4..004-geeric uidd@l01amd602) (g vrson 5.4.0016069 butu 5.06ubuu116.05)) 12Ubntu SP n De112:162 TC 01(Uuntu.40-14.7-enerc 4.98
   0.000] Coma lin: OT_IME=bot/vminuz.40-10-gericooUUIDe827e163-41f989-98776eec rconsol=t1 cool=tty0[   0.0000 KNEL ppted us
[  00000]  Intl GeuieIel
  0.0000  AMAuhentAM
  .00000  Centr entaHals
[   0000] 86/f: statoffet[2]: 5, sstae_zes[]:25
[   00000]86/fpu Spotig AV featrex01: x8floainpointrester
    00000] 6/u: Spoti XAVE atre 002'SSEegters
[   00000] 86pu Spptig XSE eatu 004: VXregier'
[  000000 x86/pu: Enabled xstate features 0x7, context size is 832 bytes, using 'standard' format.
[    0.000000] x86/fpu: Using 'lazy' FPU context switches.
[    0.000000] e820: BIOS-provided physical RAM map:
[    0.000000] BIOS-e820: [mem 0x0000000000000000-0x000000000009fbff] usable
[    0.000000] BIOS-e820: [mem 0x000000000009fc00-0x000000000009ffff] reserved
[    0.000000] BIOS-e820: [mem 0x00000000000f0000-0x00000000000fffff] reserved
[    0.000000]BIS-e820 [mem 0x0000000000100000-0x000000003ffeffff] usable
[    0.000000] BIOS-e820: [mem 0x000000003fff0000-0x000000003fffffff] ACPI data
[    0.000000] BIOS-e820: [mem 0x00000000fec00000-0x00000000fec00fff] reserved
[    0.000000 BIOS-e820: [mem 0x00000000fee00000-0x00000000fee00fff] reserved
[    0.000000] BIOS-e820: [mem 0x00000000fffc0000-0x00000000ffffffff] reserved
[    0.000000] NX (Execute Disable) protection: active
[    0.000000] SMBIOS 2.5 present.
[    0.000000] Hypervisor detected: KVM
[    0.000000] e820: last_pfn = 0x3fff0 max_arch_pfn = 0x400000000
[    0.000000] MTRR: Disabled
[    0.000000] x86/PAT: MTRRs disabled, skipping PAT initialization too.
[    0.000000] CPU MTRRs all blank - virtualized system.
[    0.000000] x86/PAT: Configuration [0-7]: WB  WT  UC- UC  WB  WT  UC- UC  
[    0.000000] found MP M-tle at [mm 009fff0x09ffff]maed a [fff88000009fff0]
[    0.000000] Scanning 1 areas for low memory corruption
[    0.000000] RAMDISK: [mem 0x36234000-0x37111fff]
[    0.000000] ACPI: Early table checksum verification disabled
[    0.000000] ACPI: RSDP 0x00000000000E0000 000024 (v02 VBOX  )
[    0.000000] ACPI: XSDT 0x000000003FFF0030 0003 (1 BOX   VBOXXSDT 0000001SL 00000061)
[    0.000000]] ACPI: FACP 0x00000000FFF00F0 0000F4 (v04 VBOX   VBOXFACP 00000001 ASL  00000061)
[    0.000000] ACPI: DSDT 0x000000003FFF0470 0021FF (v02 VBOX   VBOXBIOS 00000002 INTL 20100528)
[    0.000000] ACP FACS 0000000FF200 00040
    0.000000] ACPI: FACS 0x00000003FF02 00040
[    0.000000] ACPI: APIC 0x000000003FFF0240 00005C (v02 VBX  VBOAP 0000001ASL  00000061)
[    0.000000] ACPI: SSDT 0x000000003FFF02A0 0001CC (v01 VBOX   VBOXCPUT 00000002 INTL 20100528)
[    0.000000] No NUMA configuration found
[    0.000000] Faking a node at [mem 0x0000000000000000-0x000000003ffeffff]
[    0.000000] NODE_DATA(0) allocated [mem 0x3ffeb000-0x3ffeffff]
[    0.000000] kvm-clock: Using msrs 4b564d01 and 4b564d00
[    0.000000] kvm-clock: cpu 0, msr 0:3ffe3001, primary cpu clock
[    0.000000] kvm-clock: using sched offset of 4350592041 cycles
[    0.000000] clocksource: kvm-clock: mask: 0xffffffffffffffff max_cycles: 0x1cd42e4dffb, max_idle_ns: 881590591483 ns
[    0.000000] Zone ranges:
[    0.000000]   DMA      [mem 0x0000000000001000-0x0000000000ffffff]
[    0.000000]   DMA32    [mem 0x0000000001000000-0x000000003ffeffff]
[    0.000000]   Normal   empty
[    0.000000]   Device   empty
[    0.000000] Movable zone start for each node
[    0.000000] Early memory node ranges
[    0.000000]   node   0: [mem 0x0000000000001000-0x000000000009efff]
[    0.000000]   node   0: [mem 0x0000000000100000-0x000000003ffeffff]
[    0.000000] Initmem setup node 0 [mem 0x0000000000001000-0x000000003ffeffff]
[    0.000000] ACPI: PM-Timer IO Port: 0x4008
[    0.000000] IOAPIC[0]: apic_id 2, version 32, address 0xfec00000, GSI 0-23
[    0.000000] ACPI: INT_SRC_OVR (bus 0 bus_irq 0 global_irq 2 dfl dfl)
[    0.000000] ACI: INTSRC_OVR (bus 0 bus_irq 9 global_irq 9 low evl)
[   000000] Using ACPI (MADT) for SMP configuration information
[    0.000000] smpboot: Allowing 2 CPUs, 0 hotplug CPUs
[    0.000000] PM: Registered nosave memory: [mem 0x00000000-0x00000fff]
[    0.000000] PM: Registered nosave memory: [mem 0x009f000x0009ffff]

[    0.000000] PM: Registered nosave memory: [mem 0x000a0000-0x000effff]
[    0.000000] PM: Registered nosave memory: [mem 0x000f0000-0x000fffff]
[    0.000000] e820: [mem 0x40000000-0xfebfffff] available for PCI devices
[    0.000000] Booting paravirtualized kernel on KVM
[    0.000000] clocksource: refined-jiffies: mask: 0xffffffff max_cycles: 0xffffffff, max_idle_ns: 7645519600211568 ns
[    0.000000] setup_percpu: NR_CPUS:512 nr_cpumask_bits:52 _cpu_ids:2 nr_node_ids:1
[    0.000000] PERCPU: Embedded 33 pages/cpu @ffff88003fc00000 s98200 r8192 d28776 u1048576
[    0.000000] PV qspinlock hash table entries: 256 (order: 0, 4096 bytes)
[    0.000000] Built 1 zonelists in Node order, mobility grouping on.  Total pages: 257913
[    0.000000] Policy zone: DMA32
[    0.000000] Kernel command line: BOOT_IMAGE=/boot/vmlinuz-4.4.0-104-generic root=UUID=ee8827e1-8636-41fb-9829-982477f6c9ro console=tty1 console=ttyS0
[    0.000000] PID hash table entries: 4096 (order: 3, 32768 bytes)
[    0.0000]Memo: 7348/1810K available (8485K kernel code, 1295K rwdata, 3988K rodata, 1492K init, 1316K bss, 50772K resered, 0K cma-reserved)
[    0.000000] SLUB: HWalign=64, Order=0-3, MinObjects=0, CPUs=2, Nodes=1
[    0.000000] Hierarchical RCU implementation.
   0.000000] 	Build-time adjustment of leaf fanout to 64.
[    0.000000] 	RCU restricting CPUs fromR_PUS=512 to nr_cpu_ids=2.
[   0.000] RU:djusingemetr for rcu_fanout_laf64, ncp_ids=2
[  0000000]NRRQ:33024 nr_irqs:440 16
[   000000] Console: colour VGA+ 80x25
[    0.000000]cool [tt1]nabled
[   .000000] console [ttyS0] enabled
[   0.0000] tsc: Detected 2594.118 MHz processor
[    8.114340] Calibrating delay loop (skipped) preset value.. 5188.23 BogoMIPS (lpj=10376472)
[    8.120707] pid_max: default: 32768 minimum: 301
[    8.132068] ACPI: Core revision 20150930
[    8.135108] ACPI: 2 ACPI AML tables successfully acquired and loaded
[    8.140617] Security Framework initialized
[    8.141848] Yama: becoming mindful.
[    8.146950] AppArmor: AppArmor initialized
[    8.151097] Dentry cache hash table entries: 131072 (order: 8, 1048576 bytes)
[    8.153433] Inode-cache hash table entries: 65536 (order: 7, 524288 bytes)
[    8.225795] Mount-cache hash table entries: 2048 (order: 2, 16384 bytes)
[    8.234079] Mountpoint-cache hash table entries: 2048 (order: 2, 16384 bytes)
[    8.237593] Initializing cgroup subsys io
[    8.240398] Initializing cgroup subsys memory
[    8.253878] Initializing cgroup subsys devices
[    8.255288] Initializing cgroup subsys freezer
[    8.259161] Initializing cgroup subsys net_cls
[    8.267754] Initializing cgroup subsys perf_event
[    8.268947] Initializing cgroup subsys net_prio
[    8.270122] Initializing cgroup subsys hugetlb
[    8.271246] Initializing cgroup subsys pids
[    8.272420] CPU: Physical Processor ID: 0
[    8.273463] CPU: Processor Core ID: 0
[    8.274864] mce: CPU supports 0 MCE banks
[    8.286201] Last level iTLB entries: 4KB 512, 2MB 8, 4MB 8
[    8.287729] Last level dTLB entries: 4KB 512, 2MB 32, 4MB 32, 1GB 0
[    8.292132] Freeing SMP alternatives memory: 32K
[    8.302973] ftrace: allocating 32158 entries in 126 pages
[    8.355532] smpboot: APIC(0) Converting physical 0 to logical package 0
[    8.376691] smpboot: Max logical packages: 1
[    8.382943] x2apic enabled
[    8.383864] Switched APIC routing to physical x2apic.
[    8.386052] ..TIMER: vector=0x30 apic1=0 pin1=2 apic2=-1 pin2=-1
[    8.494469] smpboot: CPU0: Intel(R) Core(TM) i5-3230M CPU @ 2.60GHz (family: 0x6, model: 0x3a, stepping: 0x9)
[    8.523760] Performance Events: unsupported p6 CPU model 58 no PMU driver, software events only.
[    8.525732] KVM setup paravirtual spinlock
[    8.563975] x86: Booting SMP configuration:
[    8.580096] .... node  #0, CPUs:      #1
[    8.588263] kvm-clock: cpu 1, msr 0:3ffe3041, secondary cpu clock
[    8.589832] mce: CPU supports 0 MCE banks
[    8.592565] x86: Booted up 1 node, 2 CPUs
[    8.628862] smpboot: Total of 2 processors activated (10376.47 BogoMIPS)
[    8.667893] devtmpfs: initialized
[    8.670409] evm: security.selinux
[    8.671184] evm: security.SMACK64
[    8.671943] evm: security.SMACK64EXEC
[    8.672751] evm: security.SMACK64TRANSMUTE
[    8.679878] evm: security.SMACK64MMAP
[    8.680695] evm: security.ima
[    8.685603] evm: security.capability
[    8.686584] clocksource: jiffies: mask: 0xffffffff max_cycles: 0xffffffff, max_idle_ns: 7645041785100000 ns
[    8.713626] futex hash table entries: 512 (order: 3, 32768 bytes)
[    8.715022] pinctrl core: initialized pinctrl subsystem
[    8.734103] RTC time:  3:57:20, date: 01/06/18
[    8.822300] NET: Registered protocol family 16
[    8.843543] cpuidle: using governor ladder
[    8.911057] cpuidle: using governor menu
[    8.956910] PCCT header not found.
[    9.002353] ACPI: bus type PCI registered
[    9.003249] acpiphp: ACPI Hot Plug PCI Controller Driver version: 0.5
[    9.004606] PCI: Using configuration type 1 for base access
[    9.048128] ACPI: Added _OSI(Module Device)
[    9.063848] ACPI: Added _OSI(Processor Device)
[    9.122127] ACPI: Added _OSI(3.0 _SCP Extensions)
[    9.140640] ACPI: Added _OSI(Processor Aggregator Device)
[    9.167008] ACPI: Executed 1 blocks of module-level executable AML code
[    9.271813] ACPI: Interpreter enabled
[    9.275642] ACPI: (supports S0 S5)
[    9.282381] ACPI: Using IOAPIC for interrupt routing
[    9.284336] PCI: Using host bridge windows from ACPI; if necessary, use "pci=nocrs" and report a bug
[    9.290701] ACPI: PCI Root Bridge [PCI0] (domain 0000 [bus 00-ff])
[    9.303157] acpi PNP0A03:00: _OSC: OS supports [ASPM ClockPM Segments MSI]
[    9.307901] acpi PNP0A03:00: _OSC: not requesting OS control; OS requires [ExtendedConfig ASPM ClockPM MSI]
[    9.310492] acpi PNP0A03:00: fail to add MMCONFIG information, can't access extended PCI configuration space under this bridge.
[    9.315009] PCI host bridge to bus 0000:00
[    9.321815] pci_bus 0000:00: root bus resource [io  0x0000-0x0cf7 window]
[    9.330754] pci_bus 0000:00: root bus resource [io  0x0d00-0xffff window]
[    9.336341] pci_bus 0000:00: root bus resource [mem 0x000a0000-0x000bffff window]
[    9.341400] pci_bus 0000:00: root bus resource [mem 0x40000000-0xfdffffff window]
[    9.347631] pci_bus 0000:00: root bus resource [bus 00-ff]
[    9.351106] pci 0000:00:01.1: legacy IDE quirk: reg 0x10: [io  0x01f0-0x01f7]
[    9.358747] pci 0000:00:01.1: legacy IDE quirk: reg 0x14: [io  0x03f6]
[    9.372851] pci 0000:00:01.1: legacy IDE quirk: reg 0x18: [io  0x0170-0x0177]
[    9.374918] pci 0000:00:01.1: legacy IDE quirk: reg 0x1c: [io  0x0376]
[    9.395654] pci 0000:00:07.0: quirk: [io  0x4000-0x403f] claimed by PIIX4 ACPI
[    9.402516] pci 0000:00:07.0: quirk: [io  0x4100-0x410f] claimed by PIIX4 SMB
[    9.413752] ACPI: PCI Interrupt Link [LNKA] (IRQs 5 9 10 *11)
[    9.449263] ACPI: PCI Interrupt Link [LNKB] (IRQs 5 9 *10 11)
[    9.452408] ACPI: PCI Interrupt Link [LNKC] (IRQs 5 *9 10 11)
[    9.454053] ACPI: PCI Interrupt Link [LNKD] (IRQs 5 9 10 *11)
[    9.455718] ACPI: Enabled 2 GPEs in block 00 to 07
[    9.457045] vgaarb: setting as boot device: PCI:0000:00:02.0
[    9.458152] vgaarb: device added: PCI:0000:00:02.0,decodes=io+mem,owns=io+mem,locks=none
[    9.459822] vgaarb: loaded
[    9.462490] vgaarb: bridge control possible 0000:00:02.0
[    9.468594] SCSI subsystem initialized
[    9.469554] ACPI: bus type USB registered
[    9.470427] usbcore: registered new interface driver usbfs
[    9.471504] usbcore: registered new interface driver hub
[    9.472580] usbcore: registered new device driver usb
[    9.473848] PCI: Using ACPI for IRQ routing
[    9.475022] NetLabel: Initializing
[    9.475797] NetLabel:  domain hash size = 128
[    9.477985] NetLabel:  protocols = UNLABELED CIPSOv4
[    9.478998] NetLabel:  unlabeled traffic allowed by default
[    9.540367] amd_nb: Cannot enumerate AMD northbridges
[    9.571196] clocksource: Switched to clocksource kvm-clock
[   9.2986Aprm: pAorilysemEnle
[ 103825] pnp: PnP ACPI init
[   10.513371] pnp: PnP ACPI: found 3 devices

[   10.520988] clocksource: acpi_pm: mask: 0xffffff max_cycles: 0xffffff, max_idle_ns: 2085701024 ns
[   10.529293] NET: Registered protocol family 2
[   10.530343] TCP established hash table entries: 8192 (order: 4, 65536 bytes)
[   10.531709] TCP bind hash table entries: 8192 (order: 5, 131072 bytes)
[   10.533191] TCP: Hash tables configured (established 8192 bind 8192)
[   10.534429] UDP hash table entries: 512 (order: 2, 16384 bytes)
[   10.535581] UDP-Lite hash table entries: 512 (order: 2, 16384 bytes)
[   10.536902] NET: Registered protocol family 1
[   10.537833] pci 0000:00:00.0: Limiting direct PCI/PCI transfers
[   10.538995] pci 0000:00:01.0: Activating ISA DMA hang workarounds
[   10.541772] Unpacking initramfs...
[   10.770896] Freeing initrd memory: 15224K
[   10.813517] RAPL PMU detected, API unit is 2^-32 Joules, 3 fixed counters 10737418240 ms ovfl timer
[   10.888435] hw unit of domain pp0-core 2^-0 Joules
[   10.935773] hw unit of domain package 2^-0 Joules
[   10.936788] hw unit of domain pp1-gpu 2^-0 Joules
[   10.940066] platform rtc_cmos: registered platform RTC device (no PNP device found)
[   10.943653] Scanning for low memory corruption every 60 seconds
[   10.945228] audit: initializing netlink subsys (disabled)
[   10.946314] audit: type=2000 audit(1515211039.686:1): initialized
[   10.947822] Initialise system trusted keyring
[   10.983755] HugeTLB registered 2 MB page size, pre-allocated 0 pages
[   10.991011] zbud: loaded
[   10.991941] VFS: Disk quotas dquot_6.6.0
[   10.992845] VFS: Dquot-cache hash table entries: 512 (order 0, 4096 bytes)
[   11.003080] squashfs: version 4.0 (2009/01/31) Phillip Lougher
[   11.004541] fuse init (API version 7.23)
[   11.007978] Key type big_key registered
[   11.008840] Allocating IMA MOK and blacklist keyrings.
[   11.011347] Key type asymmetric registered
[   11.030953] Asymmetric key parser 'x509' registered
[   11.075979] Block layer SCSI generic (bsg) driver version 0.4 loaded (major 249)
[   11.101597] io scheduler noop registered
[   11.113390] io scheduler deadline registered (default)
[   11.114473] io scheduler cfq registered
[   11.115405] pci_hotplug: PCI Hot Plug PCI Core version: 0.5
[   11.116545] pciehp: PCI Express Hot Plug Controller Driver version: 0.4
[   11.132192] ACPI: AC Adapter [AC] (on-line)
[   11.133137] input: Power Button as /devices/LNXSYSTM:00/LNXPWRBN:00/input/input0
[   11.134698] ACPI: Power Button [PWRF]
[   11.135600] input: Sleep Button as /devices/LNXSYSTM:00/LNXSLPBN:00/input/input1
[   11.137220] ACPI: Sleep Button [SLPF]
[   11.138276] GHES: HEST is not enabled!
[   11.138927] ACPI: Battery Slot [BAT0] (battery present)
[   11.149334] Serial: 8250/16550 driver, 32 ports, IRQ sharing enabled
[   11.173351] 00:02: ttyS0 at I/O 0x3f8 (irq = 4, base_baud = 115200) is a 16550A
[   11.186607] Linux agpgart interface v0.103
[   11.189623] loop: module loaded
[   11.205620] scsi host0: ata_piix
[   11.231749] scsi host1: ata_piix
[   11.266547] ata1: PATA max UDMA/33 cmd 0x1f0 ctl 0x3f6 bmdma 0xd000 irq 14
[   11.326497] ata2: PATA max UDMA/33 cmd 0x170 ctl 0x376 bmdma 0xd008 irq 15
[   11.328288] libphy: Fixed MDIO Bus: probed
[   11.329353] tun: Universal TUN/TAP device driver, 1.6
[   11.335931] tun: (C) 1999-2004 Max Krasnyansky <maxk@qualcomm.com>
[   11.338563] PPP generic driver version 2.4.2
[   11.342176] ehci_hcd: USB 2.0 'Enhanced' Host Controller (EHCI) Driver
[   11.344217] ehci-pci: EHCI PCI platform driver
[   11.346087] ehci-platform: EHCI generic platform driver
[   11.348618] ohci_hcd: USB 1.1 'Open' Host Controller (OHCI) Driver
[   11.350157] ohci-pci: OHCI PCI platform driver
[   11.357838] ohci-platform: OHCI generic platform driver
[   11.375337] uhci_hcd: USB Universal Host Controller Interface driver
[   11.376912] i8042: PNP: PS/2 Controller [PNP0303:PS2K,PNP0f03:PS2M] at 0x60,0x64 irq 1,12
[   11.379530] serio: i8042 KBD port at 0x60,0x64 irq 1
[   11.384063] serio: i8042 AUX port at 0x60,0x64 irq 12
[   11.387264] mousedev: PS/2 mouse device common for all mice
[   11.390829] rtc_cmos rtc_cmos: rtc core: registered rtc_cmos as rtc0
[   11.393251] rtc_cmos rtc_cmos: alarms up to one day, 114 bytes nvram
[   11.403428] i2c /dev entries driver
[   11.406024] input: AT Translated Set 2 keyboard as /devices/platform/i8042/serio0/input/input2
[   11.413939] device-mapper: uevent: version 1.0.3
[   11.417343] device-mapper: ioctl: 4.34.0-ioctl (2015-10-28) initialised: dm-devel@redhat.com
[   11.420739] ledtrig-cpu: registered to indicate activity on CPUs
[   11.425289] NET: Registered protocol family 10
[   11.432910] NET: Registered protocol family 17
[   11.435459] Key type dns_resolver registered
[   11.438236] microcode: CPU0 sig=0x306a9, pf=0x2, revision=0x19
[   11.439669] microcode: CPU1 sig=0x306a9, pf=0x2, revision=0x19
[   11.440854] microcode: Microcode Update Driver: v2.01 <tigran@aivazian.fsnet.co.uk>, Peter Oruba
[   11.442738] registered taskstats version 1
[   11.444096] Loading compiled-in X.509 certificates
[   11.446486] Loaded X.509 cert 'Build time autogenerated kernel key: 8537ad706776f532219d7336343c968b9f82f7c7'
[   11.450310] zswap: loaded using pool lzo/zbud
[   11.453226] Key type trusted registered
[   11.458949] Key type encrypted registered
[   11.468521] AppArmor: AppArmor sha1 policy hashing enabled
[   11.472166] ima: No TPM chip found, activating TPM-bypass!
[   11.473601] evm: HMAC attrs: 0x1
[   11.474890]   Magic number: 2:177:967
[   11.478984] rtc_cmos rtc_cmos: setting system clock to 2018-01-06 03:57:22 UTC (1515211042)
[   11.481323] BIOS EDD facility v0.16 2004-Jun-25, 0 devices found
[   11.482869] EDD information not available.
[   11.489203] Freeing unused kernel memory: 1492K
[   11.494440] Write protecting the kernel read-only data: 14336k
[   11.496445] Freeing unused kernel memory: 1744K
[   11.500718] Freeing unused kernel memory: 108K
Loading, please wait...
starting version[   11.515304] random: systemd-udevd: uninitialized urandom read (16 bytes read, 2 bits of entropy available)
 229
[   11.516072] random: udevadm: uninitialized urandom read (16 bytes read, 2 bits of entropy available)
[   11.516096] random: udevadm: uninitialized urandom read (16 bytes read, 2 bits of entropy available)
[   11.527877] random: udevadm: uninitialized urandom read (16 bytes read, 2 bits of entropy available)
[   11.528053] random: udevadm: uninitialized urandom read (16 bytes read, 2 bits of entropy available)
[   11.528311] random: udevadm: uninitialized urandom read (16 bytes read, 2 bits of entropy available)
[   11.528379] random: udevadm: uninitialized urandom read (16 bytes read, 2 bits of entropy available)
[   11.528444] random: udevadm: uninitialized urandom read (16 bytes read, 2 bits of entropy available)
[   11.528510] random: udevadm: uninitialized urandom read (16 bytes read, 2 bits of entropy available)
[   11.528572] random: udevadm: uninitialized urandom read (16 bytes read, 2 bits of entropy available)
[   11.623929] e1000: Intel(R) PRO/1000 Network Driver - version 7.3.21-k8-NAPI
[   11.633451] e1000: Copyright (c) 1999-2006 Intel Corporation.
[   11.639193] Fusion MPT base driver 3.04.20
[   11.641987] Copyright (c) 1999-2008 LSI Corporation
[   11.674560] Fusion MPT SPI Host driver 3.04.20
[   11.688250] AVX version of gcm_enc/dec engaged.
[   11.689548] AES CTR mode by8 optimization enabled
[   11.859403] input: ImExPS/2 Generic Explorer Mouse as /devices/platform/i8042/serio1/input/input4
[   11.939298] tsc: Refined TSC clocksource calibration: 2594.171 MHz
[   11.947697] clocksource: tsc: mask: 0xffffffffffffffff max_cycles: 0x2564b96cd5f, max_idle_ns: 440795236622 ns
[   12.053003] e1000 0000:00:03.0 eth0: (PCI:33MHz:32-bit) 02:53:17:3c:de:80
[   12.123993] e1000 0000:00:03.0 eth0: Intel(R) PRO/1000 Network Connection
[   12.663674] e1000 0000:00:08.0 eth1: (PCI:33MHz:32-bit) 08:00:27:c6:95:ff
[   12.714706] e1000 0000:00:08.0 eth1: Intel(R) PRO/1000 Network Connection
[   12.730105] mptbase: ioc0: Initiating bringup
[   12.730941] e1000 0000:00:08.0 enp0s8: renamed from eth1
[   12.756205] e1000 0000:00:03.0 enp0s3: renamed from eth0
[   12.816003] ioc0: LSI53C1030 A0: Capabilities={Initiator}
[   12.995849] scsi host2: ioc0: LSI53C1030 A0, FwRev=00000000h, Ports=1, MaxQ=256, IRQ=20
[   13.224362] scsi 2:0:0:0: Direct-Access     VBOX     HARDDISK         1.0  PQ: 0 ANSI: 5
[   13.338970] scsi target2:0:0: Beginning Domain Validation
[   13.369226] scsi target2:0:0: Domain Validation skipping write tests
[   13.799668] scsi target2:0:0: Ending Domain Validation
[   13.823725] scsi target2:0:0: asynchronous
[   13.825360] scsi 2:0:1:0: Direct-Access     VBOX     HARDDISK         1.0  PQ: 0 ANSI: 5
[   13.829485] scsi target2:0:1: Beginning Domain Validation
[   13.834144] scsi target2:0:1: Domain Validation skipping write tests
[   13.997251] scsi target2:0:1: Ending Domain Validation
[   14.738751] floppy0: no floppy controllers found
[   14.744066] scsi target2:0:1: asynchronous
[   14.845350] sd 2:0:0:0: Attached scsi generic sg0 type 0
[   14.862635] sd 2:0:0:0: [sda] 20971520 512-byte logical blocks: (10.7 GB/10.0 GiB)
[   14.866671] sd 2:0:0:0: [sda] Write Protect is off
[   14.884938] sd 2:0:1:0: Attached scsi generic sg1 type 0
[   14.884999] sd 2:0:1:0: [sdb] 20480 512-byte logical blocks: (10.5 MB/10.0 MiB)
[   14.885136] sd 2:0:1:0: [sdb] Write Protect is off
[   14.885225] sd 2:0:1:0: [sdb] Incomplete mode parameter data
[   14.885226] sd 2:0:1:0: [sdb] Assuming drive cache: write through
[   14.920465] sd 2:0:0:0: [sda] Incomplete mode parameter data
[   14.922833] sd 2:0:0:0: [sda] Assuming drive cache: write through
[   14.969729]  sda: sda1
[   14.974484] sd 2:0:0:0: [sda] Attached SCSI disk
[   14.984377] sd 2:0:1:0: [sdb] Attached SCSI disk
Begin: Loading e[   16.407482] md: linear personality registered for level -1
ssential drivers[   16.419123] md: multipath personality registered for level -4
 ... [   16.427902] md: raid0 personality registered for level 0
[   16.440987] md: raid1 personality registered for level 1
[   16.551683] raid6: sse2x1   gen()  8056 MB/s
[   16.655257] raid6: sse2x1   xor()  6405 MB/s
[   16.747670] raid6: sse2x2   gen() 10184 MB/s
[   16.863669] raid6: sse2x2   xor()  7067 MB/s
[   16.947584] raid6: sse2x4   gen() 11798 MB/s
[   17.019243] raid6: sse2x4   xor()  8598 MB/s
[   17.032916] raid6: using algorithm sse2x4 gen() 11798 MB/s
[   17.034026] raid6: .... xor() 8598 MB/s, rmw enabled
[   17.035051] raid6: using ssse3x2 recovery algorithm
[   17.037678] xor: automatically using best checksumming function:
[   17.100537]    avx       : 20553.000 MB/sec
[   17.145127] async_tx: api initialized (async)
[   17.170047] md: raid6 personality registered for level 6
[   17.174335] md: raid5 personality registered for level 5
[   17.175413] md: raid4 personality registered for level 4
[   17.182010] md: raid10 personality registered for level 10
done.
Begin: Running /scripts/init-premount ... done.
Begin: Mounting root file system ... Begin: Running /scripts/local-top ... done.
Begin: Runn[   17.250995] Btrfs loaded
ing /scripts/local-premount ... Scanning for Btrfs filesystems
done.
Warning: fsck not present, so skipping root file system
[   17.319974] EXT4-fs (sda1): mounted filesystem with ordered data mode. Opts: (null)
done.
Begin: Running /scripts/local-bottom ... done.
Begin: Running /scripts/init-bottom ... done.
[   18.649204] systemd[1]: systemd 229 running in system mode. (+PAM +AUDIT +SELINUX +IMA +APPARMOR +SMACK +SYSVINIT +UTMP +LIBCRYPTSETUP +GCRYPT +GNUTLS +ACL +XZ -LZ4 +SECCOMP +BLKID +ELFUTILS +KMOD -IDN)
[   18.747738] systemd[1]: Detected virtualization oracle.
[   18.752123] systemd[1]: Detected architecture x86-64.
[   18.758174] random: nonblocking pool is initialized

Welcome to [1mUbuntu 16.04.3 LTS[0m!

[   18.887102] systemd[1]: Set hostname to <ubuntu-xenial>.
[ 20.196781] systemd]:Lieng n M2ol demon socket.
[[0;32m  OK  [0m] Listening on LVM2 poll daemon socket.
[   20.593781] systemd[1]: Started Trigger resolvconf update for networkd DNS.
[[0;32m  OK  [0m] Started Trigger resolvconf update for networkd DNS.
[   20.618083] systemd[1]: Created slice User and Session Slice.
[[0;32m  OK  [0m] Created slice User and Session Slice.
[  20.9408]ysmd]:isning o Jurl ocet
[[0;32m  OK  [0m] Listening on Journal Socket.
[  2.704229] systemd[1]: Listening on LVM2 metadata daemon socket.
[[0;32m  OK  [0m] Listening on LVM2 metadata daemon socket.
[   21.762062] systemd[1]: Reached target Swap.
[[0;32m  OK  [0m] Reached target Swap.
[   21.766596] systemd[1]: Listening on udev Kernel Socket.
[[0;32m  OK  [0m] Listening on udev Kernel Socket.
[  2.772715] systemd[1]: Created slice System Slice.
[[0;32m  OK  [0m] Created slice System Slice.
[   21.984117] systemd[1]: Starting Remount Root and Kernel File Systems...
         Starting Remount Root and Kernel File Systems...
[   22.187693] systemd[1]: Starting Create list of required static device nodes for the current kernel...
         Starting Create list of required st... nodes for the current kernel...
[   22.261238] systemd[1]: Starting Nameserver information manager...
         Starting Nameser[   22.305282] EXT4-fs (sda1): re-mounted. Opts: (null)
ver information manager...
[   22.368200] systemd[1]: Created slice system-serial\x2dgetty.slice.
[[0;32m  OK  [0m] Created slice system-serial\x2dgetty.slice.
[   22.695877] systemd[1]: Reached target ic. [[0;32m  OK  [0m] Reached target Slices.
[   22.971584] systemd[1]: Mounting POSIX Message Queue File System...
         Mounting POSIX Message Queue File System...
[   23.054438] systemd[1]: Listening on Journal Socket (/dev/log).
[[0;32m  OK  [0m] Listening on Journal Socket (/dev/log).
[ 23477] systemd[1]:LienngondeCoroSoket.
[[0;32m  OK  [0m] Listening on udev Control Socket.
[   23.689663] systemd[1]: Reached target Encrypted Volumes.
[[0;32m  OK  [0m] Reached target Encrypted Volumes.
[   23.704212] systemd[1]: Mounting Debug File System...
         Mounting Debug File System...
[   23.808217] systemd[1]: Starting Set console keymap...
         Starting Set console keymap...
[  23.4045] systmd1]Rehe trg Ur d oup Name Lookups.

[[0;32m  OK  [0m] Reached target User and Group Name Lookups.
[   24.433513] systemd[1]: Listening on Journal Audit Socket.
[[0;32m  OK  [0m] Listening on Journal Audit Socket.
[ 244644 systemd[1]: Listening on Device-mapper event daemon FIFOs.
[[0;32m  OK  [0m] Listening on Device-mapper event daemon FIFOs.
[   24.659350] systemd[1]: Starting Monitoring of LVM2 mirrors, snapshots etc. using dmeventd or progress polling...
         Starting Monitoring of LVM2 mirrors... dmeventd or progress polling...
[   24.703639] systemd[1]: Starting Uncomplicated firewall...
         Starting Uncomplicated firewall...
[   24.778934] systemd[1]: Mounting Huge Pages File System...
         Mounting Huge Pages File System...
[   24.919057] systemd[1]: Listening on Syslog Socket.
[[0;32m  OK  [0m] Listening on Syslog Socket.
[   25.055806] systemd[1]: Starting Journal Service...
         Starting Journal Service...
[  2.1099] ystemd[1]: taedFoarPaswd quests to Wall Directory atch.
[[0;32m  OK  [0m] Started Forward Password Requests to Wall Directory Watch.
[   25.721216] systemd[1]: Set up automount Arbitrary Executable File Formats File System Automount Point.
[[0;32m  OK  [0m] Set up automount Arbitrary Executab...ats File System Automount Point.
[   25.891741] systemd[1]: Starting Load Kernel Modules...
         Starting Load Kernel Modules...
[   26.041633] systemd[1]: Listening on /dev/initctl Compatibility Named Pipe.
[[0;32m  OK  [0[   26.083658] Loading iSCSI transport class v2.0-870.
m] Listening on /dev/initctl Com[   26.168642] iscsi: registered transport (tcp)
patibility Named Pipe.
[   26.212791] systemd[1]: Mounted Huge Pages File System.
[[0;32m  OK  [0m] Mounted Huge Pages File System.
[   26.234428] systemd[1]: Mounted Debug File System.
[[0;32m  OK  [0m] Mounted Debug File System.
[   26.242007] systemd[1]: Mounted POSIX Message Queue File System.
[[0;32m  OK  [0m] Mounted POSIX Message Queue F[   26.254931] iscsi: registered transport (iser)
ile System.
[   26.257831] systemd[1]: Started Journal Service.
[[0;32m  OK  [0m] Started Journal Service.
[[0;32m  OK  [0m] Started Remount Root and Kernel File Systems.
[[0;32m  OK  [0m] Started Create list of required sta...ce nodes for the current kernel.
[[0;32m  OK  [0m] Started Set console keymap.
[[0;32m  OK  [0m] Started Uncomplicated firewall.
[[0;32m  OK  [0m] Started Load Kernel Modules.
[[0;32m  OK  [0m] Started Nameserver information manager.
[[0;32m  OK  [0m] Started LVM2 metadata daemon.
         Starting Apply Kernel Variables...
         Mounting FUSE Control File System...
         Starting Create Static Device Nodes in /dev...
         Starting Initial cloud-init job (pre-networking)...
         Starting udev Coldplug all Devices...
         Starting Load/Save Random Seed...
         Starting Flush Journal to Persistent Storage...
[[0;32m  OK  [0m] Mounted FUSE Control File System.
[   26.739481] systemd-journald[406]: Received request to flush runtime journal from PID 1
[[0;32m  OK  [0m] Started Load/Save Random Seed.
[[0;32m  OK  [0m] Started udev Coldplug all Devices.
[[0;32m  OK  [0m] Started Flush Journal to Persistent Storage.
[[0;32m  OK  [0m] Started Apply Kernel Variables.
[[0;32m  OK  [0m] Started Create Static Device Nodes in /dev.
         Starting udev Kernel Device Manager...
[[0;32m  OK  [0m] Started Monitoring of LVM2 mirrors,...ng dmeventd or progress polling.
[[0;32m  OK  [0m] Started udev Kernel Device Manager.
[[0;32m  OK  [0m] Reached target Local File Systems (Pre).
[[0;32m  OK  [0m] Reached target Local File Systems.
         Starting Set console font and keymap...
         Starting Tell Plymouth To Write Out Runtime Data...
         Starting LSB: AppArmor initialization...
         Starting Create Volatile Files and Directories...
[[0;32m  OK  [0m] Started Dispatch Password Requests to Console Directory Watch.
[[0;32m  OK  [0m] Started Tell Plymouth To Write Out Runtime Data.
[[0;32m  OK  [0m] Found device /dev/ttyS0.
[[0;32m  OK  [0m] Started Create Volatile Files and Directories.
[[0;32m  OK  [0m] Reached target System Time Synchronized.
         Starting Update UTMP about System Boot/Shutdown...
[[0;32m  OK  [0m] Started Update UTMP about System Boot/Shutdown.
[[0;32m  OK  [0m] Started Set console font and keymap.
[[0;32m  OK  [0m] Created slice system-getty.slice.
[[0;32m  OK  [0m] Found device 82540EM Gigabit Ethern...r (PRO/1000 MT Desktop Adapter).
[[0;32m  OK  [0m] Listening on Load/Save RF Kill Switch Status /dev/rfkill Watch.
[[0;32m  OK  [0m] Started LSB: AppArmor initialization.
[   24.904921] cloud-init[443]: Cloud-init v. 0.7.9 running 'init-local' at Sat, 06 Jan 2018 03:57:44 +0000. Up 24.23 seconds.
[[0;32m  OK  [0m] Started Initial cloud-init job (pre-networking).
[[0;32m  OK  [0m] Reached target Network (Pre).
         Starting Raise network interfaces...
[[0;32m  OK  [0m] Started ifup for enp0s8.
[[0;32m  OK  [0m] Started ifup for enp0s3.
[[0;32m  OK  [0m] Started Raise network interfaces.
[[0;32m  OK  [0m] Reached target Network.
         Starting Initial cloud-init job (metadata service crawler)...
[   26.539089] cloud-init[1057]: Cloud-init v. 0.7.9 running 'init' at Sat, 06 Jan 2018 03:57:45 +0000. Up 25.82 seconds.
[   26.597236] [cloud-init[0;32m  OK  [0m[1057]: ] ci-info: ++++++++++++++++++++++++++++++++++++++Net device info++++++++++++++++++++++++++++++++++++++Started Initial cloud-init job (metadata service crawler).

[   26.597744] cloud-init[1057]: ci-info: +--------+------+-----------------------------+---------------+-------+-------------------+
[   26.648873] [cloud-init[0;32m  OK  [0m[1057]: ] ci-info: | Device |  Up  |           Address           |      Mask     | Scope |     Hw-Address    |Reached target Cloud-config availability.

[   26.649576] [cloud-init[0;32m  OK  [0m[1057]: ] ci-info: +--------+------+-----------------------------+---------------+-------+-------------------+Reached target System Initialization.

[   26.708526] [cloud-init[0;32m  OK  [0m[1057]: ] ci-info: | enp0s8 | True |       192.168.195.161       | 255.255.255.0 |   .   | 08:00:27:c6:95:ff |Listening on UUID daemon activation socket.

[   26.792775] [cloud-init[0;32m  OK  [0m[1057]: ] ci-info: | enp0s8 | True | fe80::a00:27ff:fec6:95ff/64 |       .       |  link | 08:00:27:c6:95:ff |Started Daily Cleanup of Temporary Directories.

[   26.793504] cloud-init[1057]: ci-info: |   lo   | True |          127.0.0.1          |   255.0.0.0   |   .   |         .         |
[   26.940564]          cloud-initStarting LXD - unix socket.[1057]: 
ci-info: |   lo   | True |           ::1/128           |       .       |  host |         .         |
[   27.116482] [cloud-init[0;32m  OK  [0m[1057]: ] ci-info: | enp0s3 | True |          10.0.2.15          | 255.255.255.0 |   .   | 02:53:17:3c:de:80 |Started ACPI Events Check.

[   27.121884] [cloud-init[0;32m  OK  [0m[1057]: ] ci-info: | enp0s3 | True |  fe80::53:17ff:fe3c:de80/64 |       .       |  link | 02:53:17:3c:de:80 |Reached target Paths.

[   27.122426] cloud-init[1057]: ci-info: +--------+------+-----------------------------+---------------+-------+-------------------+
[   27.284775] [cloud-init[0;32m  OK  [0m[1057]: ] ci-info: ++++++++++++++++++++++++++++Route IPv4 info+++++++++++++++++++++++++++++Started Timer to automatically refresh installed snaps.

[   27.313624] [cloud-init[0;32m  OK  [0m[1057]: ] ci-info: +-------+---------------+----------+---------------+-----------+-------+Listening on ACPID Listen Socket.

[   27.365741] [cloud-init[0;32m  OK  [0m[1057]: ] ci-info: | Route |  Destination  | Gateway  |    Genmask    | Interface | Flags |Listening on D-Bus System Message Bus Socket.

[   27.366322]          cloud-initStarting Socket activation for snappy daemon.[1057]: 
ci-info: +-------+---------------+----------+---------------+-----------+-------+
[   27.562358] [cloud-init[0;32m  OK  [0m[1057]: ] ci-info: |   0   |    0.0.0.0    | 10.0.2.2 |    0.0.0.0    |   enp0s3  |   UG  |Reached target Network is Online.

[   27.562904] cloud-init[1057]: ci-info: |   1   |    10.0.2.0   | 0.0.0.0  | 255.255.255.0 |   enp0s3  |   U   |
[   27.720060]          cloud-initStarting iSCSI initiator daemon (iscsid)...[1057]: 
ci-info: |   2   | 192.168.195.0 | 0.0.0.0  | 255.255.255.0 |   enp0s8  |   U   |
[   27.724666] [cloud-init[0;32m  OK  [0m[1057]: ] ci-info: +-------+---------------+----------+---------------+-----------+-------+Started Daily apt download activities.

[[0;32m  OK  [0m] Started Daily apt upgrade and clean activities.
[[0;32m  OK  [0m] Reached target Timers.
[[0;32m  OK  [0m] Listening on LXD - unix socket.
[[0;32m  OK  [0m] Listening on Socket activation for snappy daemon.
[[0;32m  OK  [0m] Reached target Sockets.
[[0;32m  OK  [0m] Reached target Basic System.
[[0;32m  OK  [0m] Started Deferred execution scheduler.
         Starting The PHP 7.0 FastCGI Process Manager...
         Starting LSB: Record successful boot for GRUB...
         Starting System Logging Service...
[[0;32m  OK  [0m] Started FUSE filesystem for LXC.
[[0;32m  OK  [0m] Started ACPI event daemon.
         Starting Accounts Service...
         Starting Login Service...
         Starting MySQL Community Server...
[[0;32m  OK  [0m] Started Regular background program processing daemon.
         Starting Apply the settings specified in cloud-config...
         Starting OpenBSD Secure Shell server...
         Starting /etc/rc.local Compatibility...
[[0;32m  OK  [0m] Started Unattended Upgrades Shutdown.
         Starting A high performance web server and a reverse proxy server...
         Starting Snappy daemon...
[[0;32m  OK  [0m] Started D-Bus System Message Bus.
[   30.088584] cloud-init[1145]: Cloud-init v. 0.7.9 running 'modules:config' at Sat, 06 Jan 2018 03:57:48 +0000. Up 28.66 seconds.
         Starting LSB: MD monitoring daemon...
         Starting LXD - container startup/shutdown...
[[0;32m  OK  [0m] Started System Logging Service.
[[0;32m  OK  [0m] Started OpenBSD Secure Shell server.
[[0;32m  OK  [0m] Started iSCSI initiator daemon (iscsid).
[[0;32m  OK  [0m] Started Apply the settings specified in cloud-config.
[[0;32m  OK  [0m] Started /etc/rc.local Compatibility.
[[0;32m  OK  [0m] Started Login Service.
         Starting Login to default iSCSI targets...
         Starting Authenticate and Authorize Users to Run Privileged Tasks...
[[0;32m  OK  [0m] Started LSB: Record successful boot for GRUB.
[[0;32m  OK  [0m] Started Login to default iSCSI targets.
[[0;32m  OK  [0m] Reached target Remote File Systems (Pre).
[[0;32m  OK  [0m] Reached target Remote File Systems.
         Starting LSB: Set the CPU Frequency Scaling governor to "ondemand"...
         Starting LSB: daemon to balance interrupts for SMP systems...
         Starting Permit User Sessions...
         Starting LSB: automatic crash report generation...
         Starting LSB: VirtualBox Linux Additions...
[[0;32m  OK  [0m] Started LSB: MD monitoring daemon.
[[0;32m  OK  [0m] Started LSB: Set the CPU Frequency Scaling governor to "ondemand".
[[0;32m  OK  [0m] Started Permit User Sessions.
         Starting Hold until boot process finishes up...
         Starting Terminate Plymouth Boot Screen...
[[0;32m  OK  [0m] Started LSB: daemon to balance interrupts for SMP systems.
[[0;32m  OK  [0m] Started Hold until boot process finishes up.
[[0;32m  OK  [0m] Started Terminate Plymouth Boot Screen.
[[0;32m  OK  [0m] Started Getty on tty1.
         Starting Set console scheme...
[[0;32m  OK  [0m] Started Serial Getty on ttyS0.
[[0;32m  OK  [0m] Reached target Login Prompts.
[[0;32m  OK  [0m] Started LSB: automatic crash report generation.
[[0;32m  OK  [0m] Started Set console scheme.
[[0;32m  OK  [0m] Started Authenticate and Authorize Users to Run Privileged Tasks.
[[0;32m  OK  [0m] Started Accounts Service.
[[0;32m  OK  [0m] Started A high performance web server and a reverse proxy server.
[[0;32m  OK  [0m] Started LSB: VirtualBox Linux Additions.
[[0;32m  OK  [0m] Started Snappy daemon.
[[0;32m  OK  [0m] Created slice User Slice of ubuntu.
         Starting User Manager for UID 1000...
[[0;32m  OK  [0m] Started Session 1 of user ubuntu.
[[0;32m  OK  [0m] Started User Manager for UID 1000.
[[0;32m  OK  [0m] Started LXD - container startup/shutdown.
[[0;32m  OK  [0m] Started The PHP 7.0 FastCGI Process Manager.

Ubuntu 16.04.3 LTS ubuntu-xenial ttyS0

ubuntu-xenial login: [   39.742567] cloud-init[1531]: Cloud-init v. 0.7.9 running 'modules:final' at Sat, 06 Jan 2018 03:57:59 +0000. Up 39.56 seconds.
[   39.743017] cloud-init[1531]: Cloud-init v. 0.7.9 finished at Sat, 06 Jan 2018 03:57:59 +0000. Datasource DataSourceNoCloud [seed=/dev/sdb][dsmode=net].  Up 39.73 seconds
